Archive member included to satisfy reference by file (symbol)

c:/ac6/systemworkbench/plugins/fr.ac6.mcu.externaltools.arm-none.win32_1.13.1.201701261202/tools/compiler/bin/../lib/gcc/arm-none-eabi/5.4.1/../../../../arm-none-eabi/lib/armv7e-m/fpu\libc.a(lib_a-errno.o)
                              startup/sysmem.o (__errno)
c:/ac6/systemworkbench/plugins/fr.ac6.mcu.externaltools.arm-none.win32_1.13.1.201701261202/tools/compiler/bin/../lib/gcc/arm-none-eabi/5.4.1/../../../../arm-none-eabi/lib/armv7e-m/fpu\libc.a(lib_a-exit.o)
                              c:/ac6/systemworkbench/plugins/fr.ac6.mcu.externaltools.arm-none.win32_1.13.1.201701261202/tools/compiler/bin/../lib/gcc/arm-none-eabi/5.4.1/../../../../arm-none-eabi/lib/armv7e-m/fpu/crt0.o (exit)
c:/ac6/systemworkbench/plugins/fr.ac6.mcu.externaltools.arm-none.win32_1.13.1.201701261202/tools/compiler/bin/../lib/gcc/arm-none-eabi/5.4.1/../../../../arm-none-eabi/lib/armv7e-m/fpu\libc.a(lib_a-impure.o)
                              c:/ac6/systemworkbench/plugins/fr.ac6.mcu.externaltools.arm-none.win32_1.13.1.201701261202/tools/compiler/bin/../lib/gcc/arm-none-eabi/5.4.1/../../../../arm-none-eabi/lib/armv7e-m/fpu\libc.a(lib_a-exit.o) (_global_impure_ptr)
c:/ac6/systemworkbench/plugins/fr.ac6.mcu.externaltools.arm-none.win32_1.13.1.201701261202/tools/compiler/bin/../lib/gcc/arm-none-eabi/5.4.1/../../../../arm-none-eabi/lib/armv7e-m/fpu\libc.a(lib_a-init.o)
                              c:/ac6/systemworkbench/plugins/fr.ac6.mcu.externaltools.arm-none.win32_1.13.1.201701261202/tools/compiler/bin/../lib/gcc/arm-none-eabi/5.4.1/../../../../arm-none-eabi/lib/armv7e-m/fpu/crt0.o (__libc_init_array)
c:/ac6/systemworkbench/plugins/fr.ac6.mcu.externaltools.arm-none.win32_1.13.1.201701261202/tools/compiler/bin/../lib/gcc/arm-none-eabi/5.4.1/../../../../arm-none-eabi/lib/armv7e-m/fpu\libc.a(lib_a-malloc.o)
                              src/tm_stm32f4_delay.o (malloc)
c:/ac6/systemworkbench/plugins/fr.ac6.mcu.externaltools.arm-none.win32_1.13.1.201701261202/tools/compiler/bin/../lib/gcc/arm-none-eabi/5.4.1/../../../../arm-none-eabi/lib/armv7e-m/fpu\libc.a(lib_a-mallocr.o)
                              c:/ac6/systemworkbench/plugins/fr.ac6.mcu.externaltools.arm-none.win32_1.13.1.201701261202/tools/compiler/bin/../lib/gcc/arm-none-eabi/5.4.1/../../../../arm-none-eabi/lib/armv7e-m/fpu\libc.a(lib_a-malloc.o) (_malloc_r)
c:/ac6/systemworkbench/plugins/fr.ac6.mcu.externaltools.arm-none.win32_1.13.1.201701261202/tools/compiler/bin/../lib/gcc/arm-none-eabi/5.4.1/../../../../arm-none-eabi/lib/armv7e-m/fpu\libc.a(lib_a-memset.o)
                              c:/ac6/systemworkbench/plugins/fr.ac6.mcu.externaltools.arm-none.win32_1.13.1.201701261202/tools/compiler/bin/../lib/gcc/arm-none-eabi/5.4.1/../../../../arm-none-eabi/lib/armv7e-m/fpu/crt0.o (memset)
c:/ac6/systemworkbench/plugins/fr.ac6.mcu.externaltools.arm-none.win32_1.13.1.201701261202/tools/compiler/bin/../lib/gcc/arm-none-eabi/5.4.1/../../../../arm-none-eabi/lib/armv7e-m/fpu\libc.a(lib_a-mlock.o)
                              c:/ac6/systemworkbench/plugins/fr.ac6.mcu.externaltools.arm-none.win32_1.13.1.201701261202/tools/compiler/bin/../lib/gcc/arm-none-eabi/5.4.1/../../../../arm-none-eabi/lib/armv7e-m/fpu\libc.a(lib_a-mallocr.o) (__malloc_lock)
c:/ac6/systemworkbench/plugins/fr.ac6.mcu.externaltools.arm-none.win32_1.13.1.201701261202/tools/compiler/bin/../lib/gcc/arm-none-eabi/5.4.1/../../../../arm-none-eabi/lib/armv7e-m/fpu\libc.a(lib_a-sbrkr.o)
                              c:/ac6/systemworkbench/plugins/fr.ac6.mcu.externaltools.arm-none.win32_1.13.1.201701261202/tools/compiler/bin/../lib/gcc/arm-none-eabi/5.4.1/../../../../arm-none-eabi/lib/armv7e-m/fpu\libc.a(lib_a-mallocr.o) (_sbrk_r)
c:/ac6/systemworkbench/plugins/fr.ac6.mcu.externaltools.arm-none.win32_1.13.1.201701261202/tools/compiler/bin/../lib/gcc/arm-none-eabi/5.4.1/../../../../arm-none-eabi/lib/armv7e-m/fpu\libc.a(lib_a-__call_atexit.o)
                              c:/ac6/systemworkbench/plugins/fr.ac6.mcu.externaltools.arm-none.win32_1.13.1.201701261202/tools/compiler/bin/../lib/gcc/arm-none-eabi/5.4.1/../../../../arm-none-eabi/lib/armv7e-m/fpu\libc.a(lib_a-exit.o) (__call_exitprocs)
c:/ac6/systemworkbench/plugins/fr.ac6.mcu.externaltools.arm-none.win32_1.13.1.201701261202/tools/compiler/bin/../lib/gcc/arm-none-eabi/5.4.1/../../../../arm-none-eabi/lib/armv7e-m/fpu\libc.a(lib_a-atexit.o)
                              c:/ac6/systemworkbench/plugins/fr.ac6.mcu.externaltools.arm-none.win32_1.13.1.201701261202/tools/compiler/bin/../lib/gcc/arm-none-eabi/5.4.1/../../../../arm-none-eabi/lib/armv7e-m/fpu\libc.a(lib_a-__call_atexit.o) (atexit)
c:/ac6/systemworkbench/plugins/fr.ac6.mcu.externaltools.arm-none.win32_1.13.1.201701261202/tools/compiler/bin/../lib/gcc/arm-none-eabi/5.4.1/../../../../arm-none-eabi/lib/armv7e-m/fpu\libc.a(lib_a-fini.o)
[...]
Memory Configuration

Name             Origin             Length             Attributes
RAM              0x20000000         0x00020000         xrw
ROM              0x08000000         0x00080000         xr
*default*        0x00000000         0xffffffff

Linker script and memory map

LOAD c:/ac6/systemworkbench/plugins/fr.ac6.mcu.externaltools.arm-none.win32_1.13.1.201701261202/tools/compiler/bin/../lib/gcc/arm-none-eabi/5.4.1/armv7e-m/fpu/crti.o
LOAD c:/ac6/systemworkbench/plugins/fr.ac6.mcu.externaltools.arm-none.win32_1.13.1.201701261202/tools/compiler/bin/../lib/gcc/arm-none-eabi/5.4.1/armv7e-m/fpu/crtbegin.o
LOAD c:/ac6/systemworkbench/plugins/fr.ac6.mcu.externaltools.arm-none.win32_1.13.1.201701261202/tools/compiler/bin/../lib/gcc/arm-none-eabi/5.4.1/../../../../arm-none-eabi/lib/armv7e-m/fpu/crt0.o
LOAD c:/ac6/systemworkbench/plugins/fr.ac6.mcu.externaltools.arm-none.win32_1.13.1.201701261202/tools/compiler/bin/../lib/gcc/arm-none-eabi/5.4.1/../../../../arm-none-eabi/lib/armv7e-m/fpu\libm.a
LOAD src/main.o
LOAD src/stm32f4xx_gpio.o
LOAD src/stm32f4xx_rcc.o
LOAD src/system_stm32f4xx.o
LOAD src/tm_stm32f4_delay.o
LOAD src/tm_stm32f4_disco.o
LOAD src/tm_stm32f4_ds18b20.o
LOAD src/tm_stm32f4_gpio.o
LOAD src/tm_stm32f4_onewire.o
LOAD startup/startup_stm32.o
LOAD startup/sysmem.o
START GROUP
LOAD c:/ac6/systemworkbench/plugins/fr.ac6.mcu.externaltools.arm-none.win32_1.13.1.201701261202/tools/compiler/bin/../lib/gcc/arm-none-eabi/5.4.1/armv7e-m/fpu\libgcc.a
LOAD c:/ac6/systemworkbench/plugins/fr.ac6.mcu.externaltools.arm-none.win32_1.13.1.201701261202/tools/compiler/bin/../lib/gcc/arm-none-eabi/5.4.1/../../../../arm-none-eabi/lib/armv7e-m/fpu\libc.a
END GROUP
LOAD c:/ac6/systemworkbench/plugins/fr.ac6.mcu.externaltools.arm-none.win32_1.13.1.201701261202/tools/compiler/bin/../lib/gcc/arm-none-eabi/5.4.1/armv7e-m/fpu/crtend.o
LOAD c:/ac6/systemworkbench/plugins/fr.ac6.mcu.externaltools.arm-none.win32_1.13.1.201701261202/tools/compiler/bin/../lib/gcc/arm-none-eabi/5.4.1/armv7e-m/fpu/crtn.o
                0x20020000                _estack = 0x20020000
                0x00000000                _Min_Heap_Size = 0x0
                0x00000400                _Min_Stack_Size = 0x400

.isr_vector     0x08000000      0x188
                0x08000000                . = ALIGN (0x4)
 *(.isr_vector)
 .isr_vector    0x08000000      0x188 startup/startup_stm32.o
                0x08000000                g_pfnVectors
                0x08000188                . = ALIGN (0x4)

.text           0x08000188     0x1c08
                0x08000188                . = ALIGN (0x4)
 *(.text)
 .text          0x08000188       0x5c c:/ac6/systemworkbench/plugins/fr.ac6.mcu.externaltools.arm-none.win32_1.13.1.201701261202/tools/compiler/bin/../lib/gcc/arm-none-eabi/5.4.1/armv7e-m/fpu/crtbegin.o
 *(.text*)
 .text.main     0x080001e4      0x11c src/main.o
                0x080001e4                main
 .text.SystemInit
                0x08000300       0x6c src/system_stm32f4xx.o
                0x08000300                SystemInit
 .text.SetSysClock
                0x0800036c       0xa0 src/system_stm32f4xx.o
 .text.NVIC_SetPriority
                0x0800040c       0x54 src/tm_stm32f4_delay.o
 .text.SysTick_Config
                0x08000460       0x44 src/tm_stm32f4_delay.o
 .text.SysTick_Handler
                0x080004a4       0xf0 src/tm_stm32f4_delay.o
                0x080004a4                SysTick_Handler
 .text.TM_DELAY_Init
                0x08000594       0x50 src/tm_stm32f4_delay.o
                0x08000594                TM_DELAY_Init
 .text.TM_DS18B20_StartAll
                0x080005e4       0x28 src/tm_stm32f4_ds18b20.o
                0x080005e4                TM_DS18B20_StartAll
 .text.TM_DS18B20_Read
                0x0800060c      0x200 src/tm_stm32f4_ds18b20.o
                0x0800060c                TM_DS18B20_Read
 .text.TM_DS18B20_SetResolution
                0x0800080c      0x110 src/tm_stm32f4_ds18b20.o
                0x0800080c                TM_DS18B20_SetResolution
 .text.TM_DS18B20_Is
                0x0800091c       0x24 src/tm_stm32f4_ds18b20.o
                0x0800091c                TM_DS18B20_Is
 .text.TM_DS18B20_SetAlarmLowTemperature
                0x08000940       0xd0 src/tm_stm32f4_ds18b20.o
                0x08000940                TM_DS18B20_SetAlarmLowTemperature
 .text.TM_DS18B20_SetAlarmHighTemperature
                0x08000a10       0xd0 src/tm_stm32f4_ds18b20.o
                0x08000a10                TM_DS18B20_SetAlarmHighTemperature
 .text.TM_DS18B20_DisableAlarmTemperature
                0x08000ae0       0xb8 src/tm_stm32f4_ds18b20.o
                0x08000ae0                TM_DS18B20_DisableAlarmTemperature
 .text.TM_DS18B20_AllDone
                0x08000b98       0x18 src/tm_stm32f4_ds18b20.o
                0x08000b98                TM_DS18B20_AllDone
 .text.TM_GPIO_Init
                0x08000bb0       0x48 src/tm_stm32f4_gpio.o
                0x08000bb0                TM_GPIO_Init
 .text.TM_GPIO_SetPinAsInput
                0x08000bf8       0x50 src/tm_stm32f4_gpio.o
                0x08000bf8                TM_GPIO_SetPinAsInput
 .text.TM_GPIO_SetPinAsOutput
                0x08000c48       0x5c src/tm_stm32f4_gpio.o
                0x08000c48                TM_GPIO_SetPinAsOutput
 .text.TM_GPIO_GetPortSource
                0x08000ca4       0x24 src/tm_stm32f4_gpio.o
                0x08000ca4                TM_GPIO_GetPortSource
 .text.TM_GPIO_INT_EnableClock
                0x08000cc8       0x30 src/tm_stm32f4_gpio.o
                0x08000cc8                TM_GPIO_INT_EnableClock
 .text.TM_GPIO_INT_Init
                0x08000cf8      0x10c src/tm_stm32f4_gpio.o
                0x08000cf8                TM_GPIO_INT_Init
 .text.Delay    0x08000e04       0x64 src/tm_stm32f4_onewire.o
 .text.TM_OneWire_Init
                0x08000e68       0x3c src/tm_stm32f4_onewire.o
                0x08000e68                TM_OneWire_Init
 .text.TM_OneWire_Reset
                0x08000ea4       0x6c src/tm_stm32f4_onewire.o
                0x08000ea4                TM_OneWire_Reset
 .text.TM_OneWire_WriteBit
                0x08000f10       0xa8 src/tm_stm32f4_onewire.o
                0x08000f10                TM_OneWire_WriteBit
 .text.TM_OneWire_ReadBit
                0x08000fb8       0x68 src/tm_stm32f4_onewire.o
                0x08000fb8                TM_OneWire_ReadBit
 .text.TM_OneWire_WriteByte
                0x08001020       0x3c src/tm_stm32f4_onewire.o
                0x08001020                TM_OneWire_WriteByte
 .text.TM_OneWire_ReadByte
                0x0800105c       0x44 src/tm_stm32f4_onewire.o
                0x0800105c                TM_OneWire_ReadByte
 .text.TM_OneWire_First
                0x080010a0       0x20 src/tm_stm32f4_onewire.o
                0x080010a0                TM_OneWire_First
 .text.TM_OneWire_Next
                0x080010c0       0x1c src/tm_stm32f4_onewire.o
                0x080010c0                TM_OneWire_Next
 .text.TM_OneWire_ResetSearch
                0x080010dc       0x28 src/tm_stm32f4_onewire.o
                0x080010dc                TM_OneWire_ResetSearch
 .text.TM_OneWire_Search
                0x08001104      0x18c src/tm_stm32f4_onewire.o
                0x08001104                TM_OneWire_Search
 .text.TM_OneWire_SelectWithPointer
                0x08001290       0x3c src/tm_stm32f4_onewire.o
                0x08001290                TM_OneWire_SelectWithPointer
 .text.TM_OneWire_GetFullROM
                0x080012cc       0x38 src/tm_stm32f4_onewire.o
                0x080012cc                TM_OneWire_GetFullROM
 .text.TM_OneWire_CRC8
                0x08001304       0x70 src/tm_stm32f4_onewire.o
                0x08001304                TM_OneWire_CRC8
 .text.Reset_Handler
                0x08001374       0x48 startup/startup_stm32.o
                0x08001374                Reset_Handler
 .text.Default_Handler
                0x080013bc        0x2 startup/startup_stm32.o
                0x080013bc                DebugMon_Handler
                0x080013bc                HardFault_Handler
                0x080013bc                PendSV_Handler
                0x080013bc                NMI_Handler
                0x080013bc                UsageFault_Handler
                0x080013bc                Default_Handler
                0x080013bc                MemManage_Handler
                0x080013bc                SVC_Handler
                0x080013bc                BusFault_Handler
 *fill*         0x080013be        0x2 
 .text._sbrk    0x080013c0       0x58 startup/sysmem.o
                0x080013c0                _sbrk
 .text.__errno  0x08001418        0xc c:/ac6/systemworkbench/plugins/fr.ac6.mcu.externaltools.arm-none.win32_1.13.1.201701261202/tools/compiler/bin/../lib/gcc/arm-none-eabi/5.4.1/../../../../arm-none-eabi/lib/armv7e-m/fpu\libc.a(lib_a-errno.o)
                0x08001418                __errno
 .text.__libc_init_array
                0x08001424       0x50 c:/ac6/systemworkbench/plugins/fr.ac6.mcu.externaltools.arm-none.win32_1.13.1.201701261202/tools/compiler/bin/../lib/gcc/arm-none-eabi/5.4.1/../../../../arm-none-eabi/lib/armv7e-m/fpu\libc.a(lib_a-init.o)
                0x08001424                __libc_init_array
 .text.malloc   0x08001474       0x10 c:/ac6/systemworkbench/plugins/fr.ac6.mcu.externaltools.arm-none.win32_1.13.1.201701261202/tools/compiler/bin/../lib/gcc/arm-none-eabi/5.4.1/../../../../arm-none-eabi/lib/armv7e-m/fpu\libc.a(lib_a-malloc.o)
                0x08001474                malloc
 .text._malloc_r
                0x08001484      0x570 c:/ac6/systemworkbench/plugins/fr.ac6.mcu.externaltools.arm-none.win32_1.13.1.201701261202/tools/compiler/bin/../lib/gcc/arm-none-eabi/5.4.1/../../../../arm-none-eabi/lib/armv7e-m/fpu\libc.a(lib_a-mallocr.o)
                0x08001484                _malloc_r
 .text.__malloc_lock
                0x080019f4        0x4 c:/ac6/systemworkbench/plugins/fr.ac6.mcu.externaltools.arm-none.win32_1.13.1.201701261202/tools/compiler/bin/../lib/gcc/arm-none-eabi/5.4.1/../../../../arm-none-eabi/lib/armv7e-m/fpu\libc.a(lib_a-mlock.o)
                0x080019f4                __malloc_lock
 .text.__malloc_unlock
                0x080019f8        0x4 c:/ac6/systemworkbench/plugins/fr.ac6.mcu.externaltools.arm-none.win32_1.13.1.201701261202/tools/compiler/bin/../lib/gcc/arm-none-eabi/5.4.1/../../../../arm-none-eabi/lib/armv7e-m/fpu\libc.a(lib_a-mlock.o)
                0x080019f8                __malloc_unlock
 .text._sbrk_r  0x080019fc       0x24 c:/ac6/systemworkbench/plugins/fr.ac6.mcu.externaltools.arm-none.win32_1.13.1.201701261202/tools/compiler/bin/../lib/gcc/arm-none-eabi/5.4.1/../../../../arm-none-eabi/lib/armv7e-m/fpu\libc.a(lib_a-sbrkr.o)
                0x080019fc                _sbrk_r
 .text.startup.register_fini
                0x08001a20       0x14 c:/ac6/systemworkbench/plugins/fr.ac6.mcu.externaltools.arm-none.win32_1.13.1.201701261202/tools/compiler/bin/../lib/gcc/arm-none-eabi/5.4.1/../../../../arm-none-eabi/lib/armv7e-m/fpu\libc.a(lib_a-__call_atexit.o)
 .text.atexit   0x08001a34        0xc c:/ac6/systemworkbench/plugins/fr.ac6.mcu.externaltools.arm-none.win32_1.13.1.201701261202/tools/compiler/bin/../lib/gcc/arm-none-eabi/5.4.1/../../../../arm-none-eabi/lib/armv7e-m/fpu\libc.a(lib_a-atexit.o)
                0x08001a34                atexit
 .text.__libc_fini_array
                0x08001a40       0x28 c:/ac6/systemworkbench/plugins/fr.ac6.mcu.externaltools.arm-none.win32_1.13.1.201701261202/tools/compiler/bin/../lib/gcc/arm-none-eabi/5.4.1/../../../../arm-none-eabi/lib/armv7e-m/fpu\libc.a(lib_a-fini.o)
                0x08001a40                __libc_fini_array
 .text._malloc_trim_r
                0x08001a68       0x9c c:/ac6/systemworkbench/plugins/fr.ac6.mcu.externaltools.arm-none.win32_1.13.1.201701261202/tools/compiler/bin/../lib/gcc/arm-none-eabi/5.4.1/../../../../arm-none-eabi/lib/armv7e-m/fpu\libc.a(lib_a-freer.o)
                0x08001a68                _malloc_trim_r
 .text._free_r  0x08001b04      0x1d0 c:/ac6/systemworkbench/plugins/fr.ac6.mcu.externaltools.arm-none.win32_1.13.1.201701261202/tools/compiler/bin/../lib/gcc/arm-none-eabi/5.4.1/../../../../arm-none-eabi/lib/armv7e-m/fpu\libc.a(lib_a-freer.o)
                0x08001b04                _free_r
 .text.__register_exitproc
                0x08001cd4       0xa4 c:/ac6/systemworkbench/plugins/fr.ac6.mcu.externaltools.arm-none.win32_1.13.1.201701261202/tools/compiler/bin/../lib/gcc/arm-none-eabi/5.4.1/../../../../arm-none-eabi/lib/armv7e-m/fpu\libc.a(lib_a-__atexit.o)
                0x08001cd4                __register_exitproc
 *(.glue_7)
 .glue_7        0x08001d78        0x0 linker stubs
 *(.glue_7t)
 .glue_7t       0x08001d78        0x0 linker stubs
 *(.eh_frame)
 .eh_frame      0x08001d78        0x0 c:/ac6/systemworkbench/plugins/fr.ac6.mcu.externaltools.arm-none.win32_1.13.1.201701261202/tools/compiler/bin/../lib/gcc/arm-none-eabi/5.4.1/armv7e-m/fpu/crtbegin.o
 *(.init)
 .init          0x08001d78        0x4 c:/ac6/systemworkbench/plugins/fr.ac6.mcu.externaltools.arm-none.win32_1.13.1.201701261202/tools/compiler/bin/../lib/gcc/arm-none-eabi/5.4.1/armv7e-m/fpu/crti.o
                0x08001d78                _init
 .init          0x08001d7c        0x8 c:/ac6/systemworkbench/plugins/fr.ac6.mcu.externaltools.arm-none.win32_1.13.1.201701261202/tools/compiler/bin/../lib/gcc/arm-none-eabi/5.4.1/armv7e-m/fpu/crtn.o
 *(.fini)
 .fini          0x08001d84        0x4 c:/ac6/systemworkbench/plugins/fr.ac6.mcu.externaltools.arm-none.win32_1.13.1.201701261202/tools/compiler/bin/../lib/gcc/arm-none-eabi/5.4.1/armv7e-m/fpu/crti.o
                0x08001d84                _fini
 .fini          0x08001d88        0x8 c:/ac6/systemworkbench/plugins/fr.ac6.mcu.externaltools.arm-none.win32_1.13.1.201701261202/tools/compiler/bin/../lib/gcc/arm-none-eabi/5.4.1/armv7e-m/fpu/crtn.o
                0x08001d90                . = ALIGN (0x4)
                0x08001d90                _etext = .

.vfp11_veneer   0x08001d90        0x0
 .vfp11_veneer  0x08001d90        0x0 linker stubs

.v4_bx          0x08001d90        0x0
 .v4_bx         0x08001d90        0x0 linker stubs

.iplt           0x08001d90        0x0
 .iplt          0x08001d90        0x0 c:/ac6/systemworkbench/plugins/fr.ac6.mcu.externaltools.arm-none.win32_1.13.1.201701261202/tools/compiler/bin/../lib/gcc/arm-none-eabi/5.4.1/armv7e-m/fpu/crtbegin.o

.rodata         0x08001d90        0x4
                0x08001d90                . = ALIGN (0x4)
 *(.rodata)
 *(.rodata*)
 .rodata._global_impure_ptr
                0x08001d90        0x4 c:/ac6/systemworkbench/plugins/fr.ac6.mcu.externaltools.arm-none.win32_1.13.1.201701261202/tools/compiler/bin/../lib/gcc/arm-none-eabi/5.4.1/../../../../arm-none-eabi/lib/armv7e-m/fpu\libc.a(lib_a-impure.o)
                0x08001d90                _global_impure_ptr
                0x08001d94                . = ALIGN (0x4)

.rel.dyn        0x08001d94        0x0
 .rel.iplt      0x08001d94        0x0 c:/ac6/systemworkbench/plugins/fr.ac6.mcu.externaltools.arm-none.win32_1.13.1.201701261202/tools/compiler/bin/../lib/gcc/arm-none-eabi/5.4.1/armv7e-m/fpu/crtbegin.o

.ARM.extab      0x08001d94        0x0
                0x08001d94                . = ALIGN (0x4)
 *(.ARM.extab* .gnu.linkonce.armextab.*)
                0x08001d94                . = ALIGN (0x4)

.ARM            0x08001d94        0x0
                0x08001d94                . = ALIGN (0x4)
                0x08001d94                __exidx_start = .
 *(.ARM.exidx*)
                0x08001d94                __exidx_end = .
                0x08001d94                . = ALIGN (0x4)

.preinit_array  0x08001d94        0x0
                0x08001d94                . = ALIGN (0x4)
                0x08001d94                PROVIDE (__preinit_array_start, .)
 *(.preinit_array*)
                0x08001d94                PROVIDE (__preinit_array_end, .)
                0x08001d94                . = ALIGN (0x4)

.init_array     0x08001d94        0x8
                0x08001d94                . = ALIGN (0x4)
                0x08001d94                PROVIDE (__init_array_start, .)
 *(SORT(.init_array.*))
 .init_array.00000
                0x08001d94        0x4 c:/ac6/systemworkbench/plugins/fr.ac6.mcu.externaltools.arm-none.win32_1.13.1.201701261202/tools/compiler/bin/../lib/gcc/arm-none-eabi/5.4.1/../../../../arm-none-eabi/lib/armv7e-m/fpu\libc.a(lib_a-__call_atexit.o)
 *(.init_array*)
 .init_array    0x08001d98        0x4 c:/ac6/systemworkbench/plugins/fr.ac6.mcu.externaltools.arm-none.win32_1.13.1.201701261202/tools/compiler/bin/../lib/gcc/arm-none-eabi/5.4.1/armv7e-m/fpu/crtbegin.o
                0x08001d9c                PROVIDE (__init_array_end, .)
                0x08001d9c                . = ALIGN (0x4)

.fini_array     0x08001d9c        0x4
                0x08001d9c                . = ALIGN (0x4)
                0x08001d9c                PROVIDE (__fini_array_start, .)
 *(SORT(.fini_array.*))
 *(.fini_array*)
 .fini_array    0x08001d9c        0x4 c:/ac6/systemworkbench/plugins/fr.ac6.mcu.externaltools.arm-none.win32_1.13.1.201701261202/tools/compiler/bin/../lib/gcc/arm-none-eabi/5.4.1/armv7e-m/fpu/crtbegin.o
                0x08001da0                PROVIDE (__fini_array_end, .)
                0x08001da0                . = ALIGN (0x4)
                0x08001da0                _sidata = LOADADDR (.data)

.data           0x20000000      0x854 load address 0x08001da0
                0x20000000                . = ALIGN (0x4)
                0x20000000                _sdata = .
 *(.data)
 .data          0x20000000       0x14 src/system_stm32f4xx.o
                0x20000000                SystemCoreClock
                0x20000004                AHBPrescTable
 *(.data*)
 *fill*         0x20000014        0x4 
 .data.impure_data
                0x20000018      0x428 c:/ac6/systemworkbench/plugins/fr.ac6.mcu.externaltools.arm-none.win32_1.13.1.201701261202/tools/compiler/bin/../lib/gcc/arm-none-eabi/5.4.1/../../../../arm-none-eabi/lib/armv7e-m/fpu\libc.a(lib_a-impure.o)
 .data._impure_ptr
                0x20000440        0x4 c:/ac6/systemworkbench/plugins/fr.ac6.mcu.externaltools.arm-none.win32_1.13.1.201701261202/tools/compiler/bin/../lib/gcc/arm-none-eabi/5.4.1/../../../../arm-none-eabi/lib/armv7e-m/fpu\libc.a(lib_a-impure.o)
                0x20000440                _impure_ptr
 .data.__malloc_av_
                0x20000444      0x408 c:/ac6/systemworkbench/plugins/fr.ac6.mcu.externaltools.arm-none.win32_1.13.1.201701261202/tools/compiler/bin/../lib/gcc/arm-none-eabi/5.4.1/../../../../arm-none-eabi/lib/armv7e-m/fpu\libc.a(lib_a-mallocr.o)
                0x20000444                __malloc_av_
 .data.__malloc_trim_threshold
                0x2000084c        0x4 c:/ac6/systemworkbench/plugins/fr.ac6.mcu.externaltools.arm-none.win32_1.13.1.201701261202/tools/compiler/bin/../lib/gcc/arm-none-eabi/5.4.1/../../../../arm-none-eabi/lib/armv7e-m/fpu\libc.a(lib_a-mallocr.o)
                0x2000084c                __malloc_trim_threshold
 .data.__malloc_sbrk_base
                0x20000850        0x4 c:/ac6/systemworkbench/plugins/fr.ac6.mcu.externaltools.arm-none.win32_1.13.1.201701261202/tools/compiler/bin/../lib/gcc/arm-none-eabi/5.4.1/../../../../arm-none-eabi/lib/armv7e-m/fpu\libc.a(lib_a-mallocr.o)
                0x20000850                __malloc_sbrk_base
                0x20000854                . = ALIGN (0x4)
                0x20000854                _edata = .

.jcr            0x20000854        0x0 load address 0x080025f4
 .jcr           0x20000854        0x0 c:/ac6/systemworkbench/plugins/fr.ac6.mcu.externaltools.arm-none.win32_1.13.1.201701261202/tools/compiler/bin/../lib/gcc/arm-none-eabi/5.4.1/armv7e-m/fpu/crtbegin.o

.igot.plt       0x20000854        0x0 load address 0x080025f4
 .igot.plt      0x20000854        0x0 c:/ac6/systemworkbench/plugins/fr.ac6.mcu.externaltools.arm-none.win32_1.13.1.201701261202/tools/compiler/bin/../lib/gcc/arm-none-eabi/5.4.1/armv7e-m/fpu/crtbegin.o
                0x20000854                . = ALIGN (0x4)

.bss            0x20000854       0x9c load address 0x080025f4
                0x20000854                _sbss = .
                0x20000854                __bss_start__ = _sbss
 *(.bss)
 .bss           0x20000854       0x1c c:/ac6/systemworkbench/plugins/fr.ac6.mcu.externaltools.arm-none.win32_1.13.1.201701261202/tools/compiler/bin/../lib/gcc/arm-none-eabi/5.4.1/armv7e-m/fpu/crtbegin.o
 .bss           0x20000870       0x28 src/tm_stm32f4_delay.o
                0x20000870                TM_TimingDelay
                0x20000874                TM_Time
                0x20000878                TM_Time2
                0x2000087c                TM_DELAY_Initialized
 .bss           0x20000898       0x16 src/tm_stm32f4_gpio.o
 *fill*         0x200008ae        0x2 
 .bss           0x200008b0        0x4 startup/sysmem.o
 *(.bss*)
 .bss.__malloc_max_total_mem
                0x200008b4        0x4 c:/ac6/systemworkbench/plugins/fr.ac6.mcu.externaltools.arm-none.win32_1.13.1.201701261202/tools/compiler/bin/../lib/gcc/arm-none-eabi/5.4.1/../../../../arm-none-eabi/lib/armv7e-m/fpu\libc.a(lib_a-mallocr.o)
                0x200008b4                __malloc_max_total_mem
 .bss.__malloc_max_sbrked_mem
                0x200008b8        0x4 c:/ac6/systemworkbench/plugins/fr.ac6.mcu.externaltools.arm-none.win32_1.13.1.201701261202/tools/compiler/bin/../lib/gcc/arm-none-eabi/5.4.1/../../../../arm-none-eabi/lib/armv7e-m/fpu\libc.a(lib_a-mallocr.o)
                0x200008b8                __malloc_max_sbrked_mem
 .bss.__malloc_top_pad
                0x200008bc        0x4 c:/ac6/systemworkbench/plugins/fr.ac6.mcu.externaltools.arm-none.win32_1.13.1.201701261202/tools/compiler/bin/../lib/gcc/arm-none-eabi/5.4.1/../../../../arm-none-eabi/lib/armv7e-m/fpu\libc.a(lib_a-mallocr.o)
                0x200008bc                __malloc_top_pad
 .bss.__malloc_current_mallinfo
                0x200008c0       0x28 c:/ac6/systemworkbench/plugins/fr.ac6.mcu.externaltools.arm-none.win32_1.13.1.201701261202/tools/compiler/bin/../lib/gcc/arm-none-eabi/5.4.1/../../../../arm-none-eabi/lib/armv7e-m/fpu\libc.a(lib_a-mallocr.o)
                0x200008c0                __malloc_current_mallinfo
 *(COMMON)
 COMMON         0x200008e8        0x4 src/tm_stm32f4_delay.o
                0x200008e8                mult
 COMMON         0x200008ec        0x4 c:/ac6/systemworkbench/plugins/fr.ac6.mcu.externaltools.arm-none.win32_1.13.1.201701261202/tools/compiler/bin/../lib/gcc/arm-none-eabi/5.4.1/../../../../arm-none-eabi/lib/armv7e-m/fpu\libc.a(lib_a-reent.o)
                0x200008ec                errno
                0x200008f0                . = ALIGN (0x4)
                0x200008f0                _ebss = .
                0x200008f0                __bss_end__ = _ebss

._user_heap_stack
                0x200008f0      0x400 load address 0x080025f4
                0x200008f0                . = ALIGN (0x8)
                0x200008f0                PROVIDE (end, .)
                [!provide]                PROVIDE (_end, .)
                0x200008f0                . = (. + _Min_Heap_Size)
                0x20000cf0                . = (. + _Min_Stack_Size)
 *fill*         0x200008f0      0x400 
                0x20000cf0                . = ALIGN (0x8)

/DISCARD/
 libc.a(*)
 libm.a(*)
 libgcc.a(*)

.ARM.attributes
                0x00000000       0x30
 *(.ARM.attributes)
 .ARM.attributes
                0x00000000       0x22 c:/ac6/systemworkbench/plugins/fr.ac6.mcu.externaltools.arm-none.win32_1.13.1.201701261202/tools/compiler/bin/../lib/gcc/arm-none-eabi/5.4.1/armv7e-m/fpu/crti.o
 .ARM.attributes
                0x00000022       0x34 c:/ac6/systemworkbench/plugins/fr.ac6.mcu.externaltools.arm-none.win32_1.13.1.201701261202/tools/compiler/bin/../lib/gcc/arm-none-eabi/5.4.1/armv7e-m/fpu/crtbegin.o
 .ARM.attributes
                0x00000056       0x39 src/main.o
 .ARM.attributes
                0x0000008f       0x39 src/system_stm32f4xx.o
 .ARM.attributes
                0x000000c8       0x39 src/tm_stm32f4_delay.o
 .ARM.attributes
                0x00000101       0x39 src/tm_stm32f4_ds18b20.o
 .ARM.attributes
                0x0000013a       0x39 src/tm_stm32f4_gpio.o
 .ARM.attributes
                0x00000173       0x39 src/tm_stm32f4_onewire.o
 .ARM.attributes
                0x000001ac       0x25 startup/startup_stm32.o
 .ARM.attributes
                0x000001d1       0x39 startup/sysmem.o
 .ARM.attributes
                0x0000020a       0x34 c:/ac6/systemworkbench/plugins/fr.ac6.mcu.externaltools.arm-none.win32_1.13.1.201701261202/tools/compiler/bin/../lib/gcc/arm-none-eabi/5.4.1/../../../../arm-none-eabi/lib/armv7e-m/fpu\libc.a(lib_a-errno.o)
 .ARM.attributes
                0x0000023e       0x34 c:/ac6/systemworkbench/plugins/fr.ac6.mcu.externaltools.arm-none.win32_1.13.1.201701261202/tools/compiler/bin/../lib/gcc/arm-none-eabi/5.4.1/../../../../arm-none-eabi/lib/armv7e-m/fpu\libc.a(lib_a-impure.o)
 .ARM.attributes
                0x00000272       0x34 c:/ac6/systemworkbench/plugins/fr.ac6.mcu.externaltools.arm-none.win32_1.13.1.201701261202/tools/compiler/bin/../lib/gcc/arm-none-eabi/5.4.1/../../../../arm-none-eabi/lib/armv7e-m/fpu\libc.a(lib_a-init.o)
 .ARM.attributes
                0x000002a6       0x34 c:/ac6/systemworkbench/plugins/fr.ac6.mcu.externaltools.arm-none.win32_1.13.1.201701261202/tools/compiler/bin/../lib/gcc/arm-none-eabi/5.4.1/../../../../arm-none-eabi/lib/armv7e-m/fpu\libc.a(lib_a-malloc.o)
 .ARM.attributes
                0x000002da       0x34 c:/ac6/systemworkbench/plugins/fr.ac6.mcu.externaltools.arm-none.win32_1.13.1.201701261202/tools/compiler/bin/../lib/gcc/arm-none-eabi/5.4.1/../../../../arm-none-eabi/lib/armv7e-m/fpu\libc.a(lib_a-mallocr.o)
 .ARM.attributes
                0x0000030e       0x34 c:/ac6/systemworkbench/plugins/fr.ac6.mcu.externaltools.arm-none.win32_1.13.1.201701261202/tools/compiler/bin/../lib/gcc/arm-none-eabi/5.4.1/../../../../arm-none-eabi/lib/armv7e-m/fpu\libc.a(lib_a-mlock.o)
 .ARM.attributes
                0x00000342       0x34 c:/ac6/systemworkbench/plugins/fr.ac6.mcu.externaltools.arm-none.win32_1.13.1.201701261202/tools/compiler/bin/../lib/gcc/arm-none-eabi/5.4.1/../../../../arm-none-eabi/lib/armv7e-m/fpu\libc.a(lib_a-sbrkr.o)
 .ARM.attributes
                0x00000376       0x34 c:/ac6/systemworkbench/plugins/fr.ac6.mcu.externaltools.arm-none.win32_1.13.1.201701261202/tools/compiler/bin/../lib/gcc/arm-none-eabi/5.4.1/../../../../arm-none-eabi/lib/armv7e-m/fpu\libc.a(lib_a-__call_atexit.o)
 .ARM.attributes
                0x000003aa       0x34 c:/ac6/systemworkbench/plugins/fr.ac6.mcu.externaltools.arm-none.win32_1.13.1.201701261202/tools/compiler/bin/../lib/gcc/arm-none-eabi/5.4.1/../../../../arm-none-eabi/lib/armv7e-m/fpu\libc.a(lib_a-atexit.o)
 .ARM.attributes
                0x000003de       0x34 c:/ac6/systemworkbench/plugins/fr.ac6.mcu.externaltools.arm-none.win32_1.13.1.201701261202/tools/compiler/bin/../lib/gcc/arm-none-eabi/5.4.1/../../../../arm-none-eabi/lib/armv7e-m/fpu\libc.a(lib_a-fini.o)
 .ARM.attributes
                0x00000412       0x34 c:/ac6/systemworkbench/plugins/fr.ac6.mcu.externaltools.arm-none.win32_1.13.1.201701261202/tools/compiler/bin/../lib/gcc/arm-none-eabi/5.4.1/../../../../arm-none-eabi/lib/armv7e-m/fpu\libc.a(lib_a-freer.o)
 .ARM.attributes
                0x00000446       0x34 c:/ac6/systemworkbench/plugins/fr.ac6.mcu.externaltools.arm-none.win32_1.13.1.201701261202/tools/compiler/bin/../lib/gcc/arm-none-eabi/5.4.1/../../../../arm-none-eabi/lib/armv7e-m/fpu\libc.a(lib_a-reent.o)
 .ARM.attributes
                0x0000047a       0x34 c:/ac6/systemworkbench/plugins/fr.ac6.mcu.externaltools.arm-none.win32_1.13.1.201701261202/tools/compiler/bin/../lib/gcc/arm-none-eabi/5.4.1/../../../../arm-none-eabi/lib/armv7e-m/fpu\libc.a(lib_a-__atexit.o)
 .ARM.attributes
                0x000004ae       0x22 c:/ac6/systemworkbench/plugins/fr.ac6.mcu.externaltools.arm-none.win32_1.13.1.201701261202/tools/compiler/bin/../lib/gcc/arm-none-eabi/5.4.1/armv7e-m/fpu/crtn.o
OUTPUT(NewTempSen.elf elf32-littlearm)

.debug_info     0x00000000     0x2af5
 .debug_info    0x00000000      0x3bb src/main.o
 .debug_info    0x000003bb      0x5be src/system_stm32f4xx.o
 .debug_info    0x00000979      0x997 src/tm_stm32f4_delay.o
 .debug_info    0x00001310      0x622 src/tm_stm32f4_ds18b20.o
 .debug_info    0x00001932      0x879 src/tm_stm32f4_gpio.o
 .debug_info    0x000021ab      0x7da src/tm_stm32f4_onewire.o
 .debug_info    0x00002985       0x68 startup/startup_stm32.o
 .debug_info    0x000029ed      0x108 startup/sysmem.o

.debug_abbrev   0x00000000      0xb3b
 .debug_abbrev  0x00000000      0x13e src/main.o
 .debug_abbrev  0x0000013e      0x11a src/system_stm32f4xx.o
 .debug_abbrev  0x00000258      0x2d4 src/tm_stm32f4_delay.o
 .debug_abbrev  0x0000052c      0x1d0 src/tm_stm32f4_ds18b20.o
 .debug_abbrev  0x000006fc      0x156 src/tm_stm32f4_gpio.o
 .debug_abbrev  0x00000852      0x236 src/tm_stm32f4_onewire.o
 .debug_abbrev  0x00000a88       0x12 startup/startup_stm32.o
 .debug_abbrev  0x00000a9a       0xa1 startup/sysmem.o

.debug_aranges  0x00000000      0x2d0
 .debug_aranges
                0x00000000       0x20 src/main.o
 .debug_aranges
                0x00000020       0x30 src/system_stm32f4xx.o
 .debug_aranges
                0x00000050       0x80 src/tm_stm32f4_delay.o
 .debug_aranges
                0x000000d0       0x70 src/tm_stm32f4_ds18b20.o
 .debug_aranges
                0x00000140       0x98 src/tm_stm32f4_gpio.o
 .debug_aranges
                0x000001d8       0xb0 src/tm_stm32f4_onewire.o
 .debug_aranges
                0x00000288       0x28 startup/startup_stm32.o
 .debug_aranges
                0x000002b0       0x20 startup/sysmem.o

.debug_ranges   0x00000000      0x258
 .debug_ranges  0x00000000       0x10 src/main.o
 .debug_ranges  0x00000010       0x20 src/system_stm32f4xx.o
 .debug_ranges  0x00000030       0x70 src/tm_stm32f4_delay.o
 .debug_ranges  0x000000a0       0x60 src/tm_stm32f4_ds18b20.o
 .debug_ranges  0x00000100       0x88 src/tm_stm32f4_gpio.o
 .debug_ranges  0x00000188       0xa0 src/tm_stm32f4_onewire.o
 .debug_ranges  0x00000228       0x20 startup/startup_stm32.o
 .debug_ranges  0x00000248       0x10 startup/sysmem.o

.debug_macro    0x00000000     0xc21a
 .debug_macro   0x00000000      0x294 src/main.o
 .debug_macro   0x00000294      0x8a4 src/main.o
 .debug_macro   0x00000b38       0x65 src/main.o
 .debug_macro   0x00000b9d       0x3b src/main.o
 .debug_macro   0x00000bd8       0x22 src/main.o
 .debug_macro   0x00000bfa       0x87 src/main.o
 .debug_macro   0x00000c81       0x44 src/main.o
 .debug_macro   0x00000cc5       0xfd src/main.o
 .debug_macro   0x00000dc2       0x5e src/main.o
 .debug_macro   0x00000e20      0x1df src/main.o
 .debug_macro   0x00000fff       0x2d src/main.o
 .debug_macro   0x0000102c       0x26 src/main.o
 .debug_macro   0x00001052      0xd39 src/main.o
 .debug_macro   0x00001d8b     0x7fd2 src/main.o
 .debug_macro   0x00009d5d       0x10 src/main.o
 .debug_macro   0x00009d6d      0x628 src/main.o
 .debug_macro   0x0000a395       0x16 src/main.o
 .debug_macro   0x0000a3ab       0x52 src/main.o
 .debug_macro   0x0000a3fd       0x35 src/main.o
 .debug_macro   0x0000a432       0x9c src/main.o
 .debug_macro   0x0000a4ce       0x16 src/main.o
 .debug_macro   0x0000a4e4      0x10e src/main.o
 .debug_macro   0x0000a5f2       0x8d src/main.o
 .debug_macro   0x0000a67f       0x52 src/main.o
 .debug_macro   0x0000a6d1       0x1f src/main.o
 .debug_macro   0x0000a6f0       0x43 src/main.o
 .debug_macro   0x0000a733       0x20 src/main.o
 .debug_macro   0x0000a753      0x187 src/main.o
 .debug_macro   0x0000a8da      0x30d src/main.o
 .debug_macro   0x0000abe7       0x16 src/main.o
 .debug_macro   0x0000abfd       0x29 src/main.o
 .debug_macro   0x0000ac26       0x35 src/main.o
 .debug_macro   0x0000ac5b      0x2ae src/main.o
 .debug_macro   0x0000af09       0xaf src/main.o
 .debug_macro   0x0000afb8       0x58 src/main.o
 .debug_macro   0x0000b010       0x1c src/main.o
 .debug_macro   0x0000b02c       0x35 src/main.o
 .debug_macro   0x0000b061       0x10 src/main.o
 .debug_macro   0x0000b071       0x10 src/main.o
 .debug_macro   0x0000b081       0x1c src/main.o
 .debug_macro   0x0000b09d       0x52 src/main.o
 .debug_macro   0x0000b0ef       0x40 src/main.o
 .debug_macro   0x0000b12f       0x10 src/main.o
 .debug_macro   0x0000b13f       0x40 src/main.o
 .debug_macro   0x0000b17f       0xd7 src/main.o
 .debug_macro   0x0000b256       0x16 src/main.o
 .debug_macro   0x0000b26c      0x18b src/main.o
 .debug_macro   0x0000b3f7       0x4a src/main.o
 .debug_macro   0x0000b441       0x88 src/main.o
 .debug_macro   0x0000b4c9       0xcf src/system_stm32f4xx.o
 .debug_macro   0x0000b598      0x19f src/tm_stm32f4_delay.o
 .debug_macro   0x0000b737      0x1cc src/tm_stm32f4_ds18b20.o
 .debug_macro   0x0000b903       0xcc src/tm_stm32f4_gpio.o
 .debug_macro   0x0000b9cf      0x1bd src/tm_stm32f4_onewire.o
 .debug_macro   0x0000bb8c      0x196 startup/sysmem.o
 .debug_macro   0x0000bd22       0x10 startup/sysmem.o
 .debug_macro   0x0000bd32       0x4c startup/sysmem.o
 .debug_macro   0x0000bd7e       0x8d startup/sysmem.o
 .debug_macro   0x0000be0b      0x174 startup/sysmem.o
 .debug_macro   0x0000bf7f       0x4a startup/sysmem.o
 .debug_macro   0x0000bfc9      0x23b startup/sysmem.o
 .debug_macro   0x0000c204       0x16 startup/sysmem.o

.debug_line     0x00000000     0x2572
 .debug_line    0x00000000      0x561 src/main.o
 .debug_line    0x00000561      0x3b9 src/system_stm32f4xx.o
 .debug_line    0x0000091a      0x5c3 src/tm_stm32f4_delay.o
 .debug_line    0x00000edd      0x5fa src/tm_stm32f4_ds18b20.o
 .debug_line    0x000014d7      0x54f src/tm_stm32f4_gpio.o
 .debug_line    0x00001a26      0x70b src/tm_stm32f4_onewire.o
 .debug_line    0x00002131       0x79 startup/startup_stm32.o
 .debug_line    0x000021aa      0x3c8 startup/sysmem.o

.debug_str      0x00000000    0x3f167
 .debug_str     0x00000000    0x3dec1 src/main.o
                              0x3e0f2 (size before relaxing)
 .debug_str     0x0003dec1      0x247 src/system_stm32f4xx.o
                              0x34fb6 (size before relaxing)
 .debug_str     0x0003e108      0x5f1 src/tm_stm32f4_delay.o
                              0x3b65d (size before relaxing)
 .debug_str     0x0003e6f9      0x185 src/tm_stm32f4_ds18b20.o
                              0x3cce1 (size before relaxing)
 .debug_str     0x0003e87e      0x1ea src/tm_stm32f4_gpio.o
                              0x368aa (size before relaxing)
 .debug_str     0x0003ea68      0x259 src/tm_stm32f4_onewire.o
                              0x3ccfb (size before relaxing)
 .debug_str     0x0003ecc1      0x4a6 startup/sysmem.o
                               0x69b1 (size before relaxing)

.comment        0x00000000       0x6e
 .comment       0x00000000       0x6e src/main.o
                                 0x6f (size before relaxing)
 .comment       0x0000006e       0x6f src/system_stm32f4xx.o
 .comment       0x0000006e       0x6f src/tm_stm32f4_delay.o
 .comment       0x0000006e       0x6f src/tm_stm32f4_ds18b20.o
 .comment       0x0000006e       0x6f src/tm_stm32f4_gpio.o
 .comment       0x0000006e       0x6f src/tm_stm32f4_onewire.o
 .comment       0x0000006e       0x6f startup/sysmem.o

.debug_frame    0x00000000      0xc88
 .debug_frame   0x00000000       0x30 src/main.o
 .debug_frame   0x00000030       0x74 src/system_stm32f4xx.o
 .debug_frame   0x000000a4      0x1ec src/tm_stm32f4_delay.o
 .debug_frame   0x00000290      0x1a4 src/tm_stm32f4_ds18b20.o
 .debug_frame   0x00000434      0x274 src/tm_stm32f4_gpio.o
 .debug_frame   0x000006a8      0x2d8 src/tm_stm32f4_onewire.o
 .debug_frame   0x00000980       0x34 startup/sysmem.o
 .debug_frame   0x000009b4       0x20 c:/ac6/systemworkbench/plugins/fr.ac6.mcu.externaltools.arm-none.win32_1.13.1.201701261202/tools/compiler/bin/../lib/gcc/arm-none-eabi/5.4.1/../../../../arm-none-eabi/lib/armv7e-m/fpu\libc.a(lib_a-errno.o)
 .debug_frame   0x000009d4       0x2c c:/ac6/systemworkbench/plugins/fr.ac6.mcu.externaltools.arm-none.win32_1.13.1.201701261202/tools/compiler/bin/../lib/gcc/arm-none-eabi/5.4.1/../../../../arm-none-eabi/lib/armv7e-m/fpu\libc.a(lib_a-init.o)
 .debug_frame   0x00000a00       0x30 c:/ac6/systemworkbench/plugins/fr.ac6.mcu.externaltools.arm-none.win32_1.13.1.201701261202/tools/compiler/bin/../lib/gcc/arm-none-eabi/5.4.1/../../../../arm-none-eabi/lib/armv7e-m/fpu\libc.a(lib_a-malloc.o)
 .debug_frame   0x00000a30       0x58 c:/ac6/systemworkbench/plugins/fr.ac6.mcu.externaltools.arm-none.win32_1.13.1.201701261202/tools/compiler/bin/../lib/gcc/arm-none-eabi/5.4.1/../../../../arm-none-eabi/lib/armv7e-m/fpu\libc.a(lib_a-mallocr.o)
 .debug_frame   0x00000a88       0x30 c:/ac6/systemworkbench/plugins/fr.ac6.mcu.externaltools.arm-none.win32_1.13.1.201701261202/tools/compiler/bin/../lib/gcc/arm-none-eabi/5.4.1/../../../../arm-none-eabi/lib/armv7e-m/fpu\libc.a(lib_a-mlock.o)
 .debug_frame   0x00000ab8       0x2c c:/ac6/systemworkbench/plugins/fr.ac6.mcu.externaltools.arm-none.win32_1.13.1.201701261202/tools/compiler/bin/../lib/gcc/arm-none-eabi/5.4.1/../../../../arm-none-eabi/lib/armv7e-m/fpu\libc.a(lib_a-sbrkr.o)
 .debug_frame   0x00000ae4       0x50 c:/ac6/systemworkbench/plugins/fr.ac6.mcu.externaltools.arm-none.win32_1.13.1.201701261202/tools/compiler/bin/../lib/gcc/arm-none-eabi/5.4.1/../../../../arm-none-eabi/lib/armv7e-m/fpu\libc.a(lib_a-__call_atexit.o)
 .debug_frame   0x00000b34       0x20 c:/ac6/systemworkbench/plugins/fr.ac6.mcu.externaltools.arm-none.win32_1.13.1.201701261202/tools/compiler/bin/../lib/gcc/arm-none-eabi/5.4.1/../../../../arm-none-eabi/lib/armv7e-m/fpu\libc.a(lib_a-atexit.o)
 .debug_frame   0x00000b54       0x34 c:/ac6/systemworkbench/plugins/fr.ac6.mcu.externaltools.arm-none.win32_1.13.1.201701261202/tools/compiler/bin/../lib/gcc/arm-none-eabi/5.4.1/../../../../arm-none-eabi/lib/armv7e-m/fpu\libc.a(lib_a-fini.o)
 .debug_frame   0x00000b88       0x74 c:/ac6/systemworkbench/plugins/fr.ac6.mcu.externaltools.arm-none.win32_1.13.1.201701261202/tools/compiler/bin/../lib/gcc/arm-none-eabi/5.4.1/../../../../arm-none-eabi/lib/armv7e-m/fpu\libc.a(lib_a-freer.o)
 .debug_frame   0x00000bfc       0x58 c:/ac6/systemworkbench/plugins/fr.ac6.mcu.externaltools.arm-none.win32_1.13.1.201701261202/tools/compiler/bin/../lib/gcc/arm-none-eabi/5.4.1/../../../../arm-none-eabi/lib/armv7e-m/fpu\libc.a(lib_a-reent.o)
 .debug_frame   0x00000c54       0x34 c:/ac6/systemworkbench/plugins/fr.ac6.mcu.externaltools.arm-none.win32_1.13.1.201701261202/tools/compiler/bin/../lib/gcc/arm-none-eabi/5.4.1/../../../../arm-none-eabi/lib/armv7e-m/fpu\libc.a(lib_a-__atexit.o)
