Archive member included to satisfy reference by file (symbol)

c:/ac6/systemworkbench/plugins/fr.ac6.mcu.externaltools.arm-none.win32_1.13.1.201701261202/tools/compiler/bin/../lib/gcc/arm-none-eabi/5.4.1/armv7e-m/fpu\libgcc.a(_arm_addsubdf3.o)
                              src/main.o (__aeabi_f2d)
c:/ac6/systemworkbench/plugins/fr.ac6.mcu.externaltools.arm-none.win32_1.13.1.201701261202/tools/compiler/bin/../lib/gcc/arm-none-eabi/5.4.1/../../../../arm-none-eabi/lib/armv7e-m/fpu\libc.a(lib_a-errno.o)
                              startup/sysmem.o (__errno)
c:/ac6/systemworkbench/plugins/fr.ac6.mcu.externaltools.arm-none.win32_1.13.1.201701261202/tools/compiler/bin/../lib/gcc/arm-none-eabi/5.4.1/../../../../arm-none-eabi/lib/armv7e-m/fpu\libc.a(lib_a-exit.o)
                              c:/ac6/systemworkbench/plugins/fr.ac6.mcu.externaltools.arm-none.win32_1.13.1.201701261202/tools/compiler/bin/../lib/gcc/arm-none-eabi/5.4.1/../../../../arm-none-eabi/lib/armv7e-m/fpu/crt0.o (exit)
c:/ac6/systemworkbench/plugins/fr.ac6.mcu.externaltools.arm-none.win32_1.13.1.201701261202/tools/compiler/bin/../lib/gcc/arm-none-eabi/5.4.1/../../../../arm-none-eabi/lib/armv7e-m/fpu\libc.a(lib_a-impure.o)
                              c:/ac6/systemworkbench/plugins/fr.ac6.mcu.externaltools.arm-none.win32_1.13.1.201701261202/tools/compiler/bin/../lib/gcc/arm-none-eabi/5.4.1/../../../../arm-none-eabi/lib/armv7e-m/fpu\libc.a(lib_a-exit.o) (_global_impure_ptr)
c:/ac6/systemworkbench/plugins/fr.ac6.mcu.externaltools.arm-none.win32_1.13.1.201701261202/tools/compiler/bin/../lib/gcc/arm-none-eabi/5.4.1/../../../../arm-none-eabi/lib/armv7e-m/fpu\libc.a(lib_a-init.o)
                              c:/ac6/systemworkbench/plugins/fr.ac6.mcu.externaltools.arm-none.win32_1.13.1.201701261202/tools/compiler/bin/../lib/gcc/arm-none-eabi/5.4.1/../../../../arm-none-eabi/lib/armv7e-m/fpu/crt0.o (__libc_init_array)
c:/ac6/systemworkbench/plugins/fr.ac6.mcu.externaltools.arm-none.win32_1.13.1.201701261202/tools/compiler/bin/../lib/gcc/arm-none-eabi/5.4.1/../../../../arm-none-eabi/lib/armv7e-m/fpu\libc.a(lib_a-malloc.o)
                              src/tm_stm32f4_delay.o (malloc)
c:/ac6/systemworkbench/plugins/fr.ac6.mcu.externaltools.arm-none.win32_1.13.1.201701261202/tools/compiler/bin/../lib/gcc/arm-none-eabi/5.4.1/../../../../arm-none-eabi/lib/armv7e-m/fpu\libc.a(lib_a-mallocr.o)
                              c:/ac6/systemworkbench/plugins/fr.ac6.mcu.externaltools.arm-none.win32_1.13.1.201701261202/tools/compiler/bin/../lib/gcc/arm-none-eabi/5.4.1/../../../../arm-none-eabi/lib/armv7e-m/fpu\libc.a(lib_a-malloc.o) (_malloc_r)
c:/ac6/systemworkbench/plugins/fr.ac6.mcu.externaltools.arm-none.win32_1.13.1.201701261202/tools/compiler/bin/../lib/gcc/arm-none-eabi/5.4.1/../../../../arm-none-eabi/lib/armv7e-m/fpu\libc.a(lib_a-memset.o)
                              c:/ac6/systemworkbench/plugins/fr.ac6.mcu.externaltools.arm-none.win32_1.13.1.201701261202/tools/compiler/bin/../lib/gcc/arm-none-eabi/5.4.1/../../../../arm-none-eabi/lib/armv7e-m/fpu/crt0.o (memset)
c:/ac6/systemworkbench/plugins/fr.ac6.mcu.externaltools.arm-none.win32_1.13.1.201701261202/tools/compiler/bin/../lib/gcc/arm-none-eabi/5.4.1/../../../../arm-none-eabi/lib/armv7e-m/fpu\libc.a(lib_a-mlock.o)
                              c:/ac6/systemworkbench/plugins/fr.ac6.mcu.externaltools.arm-none.win32_1.13.1.201701261202/tools/compiler/bin/../lib/gcc/arm-none-eabi/5.4.1/../../../../arm-none-eabi/lib/armv7e-m/fpu\libc.a(lib_a-mallocr.o) (__malloc_lock)
c:/ac6/systemworkbench/plugins/fr.ac6.mcu.externaltools.arm-none.win32_1.13.1.201701261202/tools/compiler/bin/../lib/gcc/arm-none-eabi/5.4.1/../../../../arm-none-eabi/lib/armv7e-m/fpu\libc.a(lib_a-sbrkr.o)
                              c:/ac6/systemworkbench/plugins/fr.ac6.mcu.externaltools.arm-none.win32_1.13.1.201701261202/tools/compiler/bin/../lib/gcc/arm-none-eabi/5.4.1/../../../../arm-none-eabi/lib/armv7e-m/fpu\libc.a(lib_a-mallocr.o) (_sbrk_r)
c:/ac6/systemworkbench/plugins/fr.ac6.mcu.externaltools.arm-none.win32_1.13.1.201701261202/tools/compiler/bin/../lib/gcc/arm-none-eabi/5.4.1/../../../../arm-none-eabi/lib/armv7e-m/fpu\libc.a(lib_a-sprintf.o)
                              src/main.o (sprintf)
c:/ac6/systemworkbench/plugins/fr.ac6.mcu.externaltools.arm-none.win32_1.13.1.201701261202/tools/compiler/bin/../lib/gcc/arm-none-eabi/5.4.1/../../../../arm-none-eabi/lib/armv7e-m/fpu\libc.a(lib_a-svfprintf.o)
                              c:/ac6/systemworkbench/plugins/fr.ac6.mcu.externaltools.arm-none.win32_1.13.1.201701261202/tools/compiler/bin/../lib/gcc/arm-none-eabi/5.4.1/../../../../arm-none-eabi/lib/armv7e-m/fpu\libc.a(lib_a-sprintf.o) (_svfprintf_r)
c:/ac6/systemworkbench/plugins/fr.ac6.mcu.externaltools.arm-none.win32_1.13.1.201701261202/tools/compiler/bin/../lib/gcc/arm-none-eabi/5.4.1/../../../../arm-none-eabi/lib/armv7e-m/fpu\libc.a(lib_a-__call_atexit.o)
[...]
Memory Configuration

Name             Origin             Length             Attributes
RAM              0x20000000         0x00020000         xrw
ROM              0x08000000         0x00080000         xr
*default*        0x00000000         0xffffffff

Linker script and memory map

LOAD c:/ac6/systemworkbench/plugins/fr.ac6.mcu.externaltools.arm-none.win32_1.13.1.201701261202/tools/compiler/bin/../lib/gcc/arm-none-eabi/5.4.1/armv7e-m/fpu/crti.o
LOAD c:/ac6/systemworkbench/plugins/fr.ac6.mcu.externaltools.arm-none.win32_1.13.1.201701261202/tools/compiler/bin/../lib/gcc/arm-none-eabi/5.4.1/armv7e-m/fpu/crtbegin.o
LOAD c:/ac6/systemworkbench/plugins/fr.ac6.mcu.externaltools.arm-none.win32_1.13.1.201701261202/tools/compiler/bin/../lib/gcc/arm-none-eabi/5.4.1/../../../../arm-none-eabi/lib/armv7e-m/fpu/crt0.o
LOAD c:/ac6/systemworkbench/plugins/fr.ac6.mcu.externaltools.arm-none.win32_1.13.1.201701261202/tools/compiler/bin/../lib/gcc/arm-none-eabi/5.4.1/../../../../arm-none-eabi/lib/armv7e-m/fpu\libm.a
LOAD src/main.o
LOAD src/stm32f4xx_gpio.o
LOAD src/stm32f4xx_rcc.o
LOAD src/system_stm32f4xx.o
LOAD src/tm_stm32f4_delay.o
LOAD src/tm_stm32f4_disco.o
LOAD src/tm_stm32f4_ds18b20.o
LOAD src/tm_stm32f4_gpio.o
LOAD src/tm_stm32f4_onewire.o
LOAD src/tm_stm32f4_usart.o
LOAD startup/startup_stm32.o
LOAD startup/sysmem.o
START GROUP
LOAD c:/ac6/systemworkbench/plugins/fr.ac6.mcu.externaltools.arm-none.win32_1.13.1.201701261202/tools/compiler/bin/../lib/gcc/arm-none-eabi/5.4.1/armv7e-m/fpu\libgcc.a
LOAD c:/ac6/systemworkbench/plugins/fr.ac6.mcu.externaltools.arm-none.win32_1.13.1.201701261202/tools/compiler/bin/../lib/gcc/arm-none-eabi/5.4.1/../../../../arm-none-eabi/lib/armv7e-m/fpu\libc.a
END GROUP
LOAD c:/ac6/systemworkbench/plugins/fr.ac6.mcu.externaltools.arm-none.win32_1.13.1.201701261202/tools/compiler/bin/../lib/gcc/arm-none-eabi/5.4.1/armv7e-m/fpu/crtend.o
LOAD c:/ac6/systemworkbench/plugins/fr.ac6.mcu.externaltools.arm-none.win32_1.13.1.201701261202/tools/compiler/bin/../lib/gcc/arm-none-eabi/5.4.1/armv7e-m/fpu/crtn.o
                0x20020000                _estack = 0x20020000
                0x00000000                _Min_Heap_Size = 0x0
                0x00000400                _Min_Stack_Size = 0x400

.isr_vector     0x08000000      0x188
                0x08000000                . = ALIGN (0x4)
 *(.isr_vector)
 .isr_vector    0x08000000      0x188 startup/startup_stm32.o
                0x08000000                g_pfnVectors
                0x08000188                . = ALIGN (0x4)

.text           0x080001c0     0x6464
                0x080001c0                . = ALIGN (0x4)
 *(.text)
 .text          0x080001c0       0x5c c:/ac6/systemworkbench/plugins/fr.ac6.mcu.externaltools.arm-none.win32_1.13.1.201701261202/tools/compiler/bin/../lib/gcc/arm-none-eabi/5.4.1/armv7e-m/fpu/crtbegin.o
 .text          0x0800021c      0x370 c:/ac6/systemworkbench/plugins/fr.ac6.mcu.externaltools.arm-none.win32_1.13.1.201701261202/tools/compiler/bin/../lib/gcc/arm-none-eabi/5.4.1/armv7e-m/fpu\libgcc.a(_arm_addsubdf3.o)
                0x0800021c                __aeabi_drsub
                0x08000224                __aeabi_dsub
                0x08000224                __subdf3
                0x08000228                __aeabi_dadd
                0x08000228                __adddf3
                0x080004a0                __floatunsidf
                0x080004a0                __aeabi_ui2d
                0x080004c0                __floatsidf
                0x080004c0                __aeabi_i2d
                0x080004e4                __aeabi_f2d
                0x080004e4                __extendsfdf2
                0x08000520                __floatundidf
                0x08000520                __aeabi_ul2d
                0x08000530                __floatdidf
                0x08000530                __aeabi_l2d
 *fill*         0x0800058c        0x4 
 .text          0x08000590       0xa0 c:/ac6/systemworkbench/plugins/fr.ac6.mcu.externaltools.arm-none.win32_1.13.1.201701261202/tools/compiler/bin/../lib/gcc/arm-none-eabi/5.4.1/../../../../arm-none-eabi/lib/armv7e-m/fpu\libc.a(lib_a-memchr.o)
                0x08000590                memchr
 .text          0x08000630      0x134 c:/ac6/systemworkbench/plugins/fr.ac6.mcu.externaltools.arm-none.win32_1.13.1.201701261202/tools/compiler/bin/../lib/gcc/arm-none-eabi/5.4.1/../../../../arm-none-eabi/lib/armv7e-m/fpu\libc.a(lib_a-memcpy.o)
                0x08000630                memcpy
 *fill*         0x08000764       0x1c 
 .text          0x08000780       0xdc c:/ac6/systemworkbench/plugins/fr.ac6.mcu.externaltools.arm-none.win32_1.13.1.201701261202/tools/compiler/bin/../lib/gcc/arm-none-eabi/5.4.1/../../../../arm-none-eabi/lib/armv7e-m/fpu\libc.a(lib_a-strlen.o)
                0x08000780                strlen
 .text          0x0800085c      0x424 c:/ac6/systemworkbench/plugins/fr.ac6.mcu.externaltools.arm-none.win32_1.13.1.201701261202/tools/compiler/bin/../lib/gcc/arm-none-eabi/5.4.1/armv7e-m/fpu\libgcc.a(_arm_muldivdf3.o)
                0x0800085c                __aeabi_dmul
                0x0800085c                __muldf3
                0x08000ab0                __divdf3
                0x08000ab0                __aeabi_ddiv
 .text          0x08000c80      0x110 c:/ac6/systemworkbench/plugins/fr.ac6.mcu.externaltools.arm-none.win32_1.13.1.201701261202/tools/compiler/bin/../lib/gcc/arm-none-eabi/5.4.1/armv7e-m/fpu\libgcc.a(_arm_cmpdf2.o)
                0x08000c80                __gtdf2
                0x08000c80                __gedf2
                0x08000c88                __ltdf2
                0x08000c88                __ledf2
                0x08000c90                __nedf2
                0x08000c90                __eqdf2
                0x08000c90                __cmpdf2
                0x08000d0c                __aeabi_cdrcmple
                0x08000d1c                __aeabi_cdcmpeq
                0x08000d1c                __aeabi_cdcmple
                0x08000d2c                __aeabi_dcmpeq
                0x08000d40                __aeabi_dcmplt
                0x08000d54                __aeabi_dcmple
                0x08000d68                __aeabi_dcmpge
                0x08000d7c                __aeabi_dcmpgt
 .text          0x08000d90       0x2c c:/ac6/systemworkbench/plugins/fr.ac6.mcu.externaltools.arm-none.win32_1.13.1.201701261202/tools/compiler/bin/../lib/gcc/arm-none-eabi/5.4.1/armv7e-m/fpu\libgcc.a(_arm_unorddf2.o)
                0x08000d90                __unorddf2
                0x08000d90                __aeabi_dcmpun
 .text          0x08000dbc       0x50 c:/ac6/systemworkbench/plugins/fr.ac6.mcu.externaltools.arm-none.win32_1.13.1.201701261202/tools/compiler/bin/../lib/gcc/arm-none-eabi/5.4.1/armv7e-m/fpu\libgcc.a(_arm_fixdfsi.o)
                0x08000dbc                __aeabi_d2iz
                0x08000dbc                __fixdfsi
 .text          0x08000e0c       0x30 c:/ac6/systemworkbench/plugins/fr.ac6.mcu.externaltools.arm-none.win32_1.13.1.201701261202/tools/compiler/bin/../lib/gcc/arm-none-eabi/5.4.1/armv7e-m/fpu\libgcc.a(_aeabi_uldivmod.o)
                0x08000e0c                __aeabi_uldivmod
 .text          0x08000e3c      0x2e4 c:/ac6/systemworkbench/plugins/fr.ac6.mcu.externaltools.arm-none.win32_1.13.1.201701261202/tools/compiler/bin/../lib/gcc/arm-none-eabi/5.4.1/armv7e-m/fpu\libgcc.a(_udivmoddi4.o)
                0x08000e3c                __udivmoddi4
 .text          0x08001120        0x4 c:/ac6/systemworkbench/plugins/fr.ac6.mcu.externaltools.arm-none.win32_1.13.1.201701261202/tools/compiler/bin/../lib/gcc/arm-none-eabi/5.4.1/armv7e-m/fpu\libgcc.a(_dvmd_tls.o)
                0x08001120                __aeabi_idiv0
                0x08001120                __aeabi_ldiv0
 *(.text*)
 .text.Delayms  0x08001124       0x58 src/main.o
 .text.main     0x0800117c      0x284 src/main.o
                0x0800117c                main
 .text.SystemInit
                0x08001400       0x6c src/system_stm32f4xx.o
                0x08001400                SystemInit
 .text.SetSysClock
                0x0800146c       0xa0 src/system_stm32f4xx.o
 .text.NVIC_SetPriority
                0x0800150c       0x54 src/tm_stm32f4_delay.o
 .text.SysTick_Config
                0x08001560       0x44 src/tm_stm32f4_delay.o
 .text.SysTick_Handler
                0x080015a4       0xf0 src/tm_stm32f4_delay.o
                0x080015a4                SysTick_Handler
 .text.TM_DELAY_Init
                0x08001694       0x50 src/tm_stm32f4_delay.o
                0x08001694                TM_DELAY_Init
 .text.TM_DS18B20_StartAll
                0x080016e4       0x28 src/tm_stm32f4_ds18b20.o
                0x080016e4                TM_DS18B20_StartAll
 .text.TM_DS18B20_Read
                0x0800170c      0x200 src/tm_stm32f4_ds18b20.o
                0x0800170c                TM_DS18B20_Read
 .text.TM_DS18B20_SetResolution
                0x0800190c      0x110 src/tm_stm32f4_ds18b20.o
                0x0800190c                TM_DS18B20_SetResolution
 .text.TM_DS18B20_Is
                0x08001a1c       0x24 src/tm_stm32f4_ds18b20.o
                0x08001a1c                TM_DS18B20_Is
 .text.TM_DS18B20_SetAlarmHighTemperature
                0x08001a40       0xd0 src/tm_stm32f4_ds18b20.o
                0x08001a40                TM_DS18B20_SetAlarmHighTemperature
 .text.TM_DS18B20_DisableAlarmTemperature
                0x08001b10       0xb8 src/tm_stm32f4_ds18b20.o
                0x08001b10                TM_DS18B20_DisableAlarmTemperature
 .text.TM_DS18B20_AlarmSearch
                0x08001bc8       0x1c src/tm_stm32f4_ds18b20.o
                0x08001bc8                TM_DS18B20_AlarmSearch
 .text.TM_DS18B20_AllDone
                0x08001be4       0x18 src/tm_stm32f4_ds18b20.o
                0x08001be4                TM_DS18B20_AllDone
 .text.TM_GPIO_Init
                0x08001bfc       0x48 src/tm_stm32f4_gpio.o
                0x08001bfc                TM_GPIO_Init
 .text.TM_GPIO_InitAlternate
                0x08001c44       0xa8 src/tm_stm32f4_gpio.o
                0x08001c44                TM_GPIO_InitAlternate
 .text.TM_GPIO_SetPinAsInput
                0x08001cec       0x50 src/tm_stm32f4_gpio.o
                0x08001cec                TM_GPIO_SetPinAsInput
 .text.TM_GPIO_SetPinAsOutput
                0x08001d3c       0x5c src/tm_stm32f4_gpio.o
                0x08001d3c                TM_GPIO_SetPinAsOutput
 .text.TM_GPIO_GetPortSource
                0x08001d98       0x24 src/tm_stm32f4_gpio.o
                0x08001d98                TM_GPIO_GetPortSource
 .text.TM_GPIO_INT_EnableClock
                0x08001dbc       0x30 src/tm_stm32f4_gpio.o
                0x08001dbc                TM_GPIO_INT_EnableClock
 .text.TM_GPIO_INT_Init
                0x08001dec      0x10c src/tm_stm32f4_gpio.o
                0x08001dec                TM_GPIO_INT_Init
 .text.Delay    0x08001ef8       0x64 src/tm_stm32f4_onewire.o
 .text.TM_OneWire_Init
                0x08001f5c       0x3c src/tm_stm32f4_onewire.o
                0x08001f5c                TM_OneWire_Init
 .text.TM_OneWire_Reset
                0x08001f98       0x6c src/tm_stm32f4_onewire.o
                0x08001f98                TM_OneWire_Reset
 .text.TM_OneWire_WriteBit
                0x08002004       0xa8 src/tm_stm32f4_onewire.o
                0x08002004                TM_OneWire_WriteBit
 .text.TM_OneWire_ReadBit
                0x080020ac       0x68 src/tm_stm32f4_onewire.o
                0x080020ac                TM_OneWire_ReadBit
 .text.TM_OneWire_WriteByte
                0x08002114       0x3c src/tm_stm32f4_onewire.o
                0x08002114                TM_OneWire_WriteByte
 .text.TM_OneWire_ReadByte
                0x08002150       0x44 src/tm_stm32f4_onewire.o
                0x08002150                TM_OneWire_ReadByte
 .text.TM_OneWire_First
                0x08002194       0x20 src/tm_stm32f4_onewire.o
                0x08002194                TM_OneWire_First
 .text.TM_OneWire_Next
                0x080021b4       0x1c src/tm_stm32f4_onewire.o
                0x080021b4                TM_OneWire_Next
 .text.TM_OneWire_ResetSearch
                0x080021d0       0x28 src/tm_stm32f4_onewire.o
                0x080021d0                TM_OneWire_ResetSearch
 .text.TM_OneWire_Search
                0x080021f8      0x18c src/tm_stm32f4_onewire.o
                0x080021f8                TM_OneWire_Search
 .text.TM_OneWire_SelectWithPointer
                0x08002384       0x3c src/tm_stm32f4_onewire.o
                0x08002384                TM_OneWire_SelectWithPointer
 .text.TM_OneWire_GetFullROM
                0x080023c0       0x38 src/tm_stm32f4_onewire.o
                0x080023c0                TM_OneWire_GetFullROM
 .text.TM_OneWire_CRC8
                0x080023f8       0x70 src/tm_stm32f4_onewire.o
                0x080023f8                TM_OneWire_CRC8
 .text.TM_USART_Init
                0x08002468       0x90 src/tm_stm32f4_usart.o
                0x08002468                TM_USART_Init
 .text.TM_USART_Puts
                0x080024f8       0x5c src/tm_stm32f4_usart.o
                0x080024f8                TM_USART_Puts
 .text.TM_USART_InitCustomPinsCallback
                0x08002554       0x18 src/tm_stm32f4_usart.o
                0x08002554                TM_USART_InitCustomPinsCallback
 .text.TM_USART_INT_GetUsart
                0x0800256c       0x54 src/tm_stm32f4_usart.o
                0x0800256c                TM_USART_INT_GetUsart
 .text.TM_USART_INT_GetSubPriority
                0x080025c0       0x48 src/tm_stm32f4_usart.o
                0x080025c0                TM_USART_INT_GetSubPriority
 .text.TM_USART1_InitPins
                0x08002608       0x64 src/tm_stm32f4_usart.o
                0x08002608                TM_USART1_InitPins
 .text.TM_USART2_InitPins
                0x0800266c       0x60 src/tm_stm32f4_usart.o
                0x0800266c                TM_USART2_InitPins
 .text.TM_USART6_InitPins
                0x080026cc       0x64 src/tm_stm32f4_usart.o
                0x080026cc                TM_USART6_InitPins
 .text.TM_USART_INT_Init
                0x08002730      0x11c src/tm_stm32f4_usart.o
 .text.Reset_Handler
                0x0800284c       0x48 startup/startup_stm32.o
                0x0800284c                Reset_Handler
 .text.Default_Handler
                0x08002894        0x2 startup/startup_stm32.o
                0x08002894                DebugMon_Handler
                0x08002894                HardFault_Handler
                0x08002894                PendSV_Handler
                0x08002894                NMI_Handler
                0x08002894                UsageFault_Handler
                0x08002894                Default_Handler
                0x08002894                MemManage_Handler
                0x08002894                SVC_Handler
                0x08002894                BusFault_Handler
 *fill*         0x08002896        0x2 
 .text._sbrk    0x08002898       0x58 startup/sysmem.o
                0x08002898                _sbrk
 .text.__errno  0x080028f0        0xc c:/ac6/systemworkbench/plugins/fr.ac6.mcu.externaltools.arm-none.win32_1.13.1.201701261202/tools/compiler/bin/../lib/gcc/arm-none-eabi/5.4.1/../../../../arm-none-eabi/lib/armv7e-m/fpu\libc.a(lib_a-errno.o)
                0x080028f0                __errno
 .text.__libc_init_array
                0x080028fc       0x50 c:/ac6/systemworkbench/plugins/fr.ac6.mcu.externaltools.arm-none.win32_1.13.1.201701261202/tools/compiler/bin/../lib/gcc/arm-none-eabi/5.4.1/../../../../arm-none-eabi/lib/armv7e-m/fpu\libc.a(lib_a-init.o)
                0x080028fc                __libc_init_array
 .text.malloc   0x0800294c       0x10 c:/ac6/systemworkbench/plugins/fr.ac6.mcu.externaltools.arm-none.win32_1.13.1.201701261202/tools/compiler/bin/../lib/gcc/arm-none-eabi/5.4.1/../../../../arm-none-eabi/lib/armv7e-m/fpu\libc.a(lib_a-malloc.o)
                0x0800294c                malloc
 .text._malloc_r
                0x0800295c      0x570 c:/ac6/systemworkbench/plugins/fr.ac6.mcu.externaltools.arm-none.win32_1.13.1.201701261202/tools/compiler/bin/../lib/gcc/arm-none-eabi/5.4.1/../../../../arm-none-eabi/lib/armv7e-m/fpu\libc.a(lib_a-mallocr.o)
                0x0800295c                _malloc_r
 .text.memset   0x08002ecc       0x9c c:/ac6/systemworkbench/plugins/fr.ac6.mcu.externaltools.arm-none.win32_1.13.1.201701261202/tools/compiler/bin/../lib/gcc/arm-none-eabi/5.4.1/../../../../arm-none-eabi/lib/armv7e-m/fpu\libc.a(lib_a-memset.o)
                0x08002ecc                memset
 .text.__malloc_lock
                0x08002f68        0x4 c:/ac6/systemworkbench/plugins/fr.ac6.mcu.externaltools.arm-none.win32_1.13.1.201701261202/tools/compiler/bin/../lib/gcc/arm-none-eabi/5.4.1/../../../../arm-none-eabi/lib/armv7e-m/fpu\libc.a(lib_a-mlock.o)
                0x08002f68                __malloc_lock
 .text.__malloc_unlock
                0x08002f6c        0x4 c:/ac6/systemworkbench/plugins/fr.ac6.mcu.externaltools.arm-none.win32_1.13.1.201701261202/tools/compiler/bin/../lib/gcc/arm-none-eabi/5.4.1/../../../../arm-none-eabi/lib/armv7e-m/fpu\libc.a(lib_a-mlock.o)
                0x08002f6c                __malloc_unlock
 .text._sbrk_r  0x08002f70       0x24 c:/ac6/systemworkbench/plugins/fr.ac6.mcu.externaltools.arm-none.win32_1.13.1.201701261202/tools/compiler/bin/../lib/gcc/arm-none-eabi/5.4.1/../../../../arm-none-eabi/lib/armv7e-m/fpu\libc.a(lib_a-sbrkr.o)
                0x08002f70                _sbrk_r
 .text.sprintf  0x08002f94       0x4c c:/ac6/systemworkbench/plugins/fr.ac6.mcu.externaltools.arm-none.win32_1.13.1.201701261202/tools/compiler/bin/../lib/gcc/arm-none-eabi/5.4.1/../../../../arm-none-eabi/lib/armv7e-m/fpu\libc.a(lib_a-sprintf.o)
                0x08002f94                sprintf
 .text._svfprintf_r
                0x08002fe0     0x16e4 c:/ac6/systemworkbench/plugins/fr.ac6.mcu.externaltools.arm-none.win32_1.13.1.201701261202/tools/compiler/bin/../lib/gcc/arm-none-eabi/5.4.1/../../../../arm-none-eabi/lib/armv7e-m/fpu\libc.a(lib_a-svfprintf.o)
                0x08002fe0                _svfprintf_r
 .text.startup.register_fini
                0x080046c4       0x14 c:/ac6/systemworkbench/plugins/fr.ac6.mcu.externaltools.arm-none.win32_1.13.1.201701261202/tools/compiler/bin/../lib/gcc/arm-none-eabi/5.4.1/../../../../arm-none-eabi/lib/armv7e-m/fpu\libc.a(lib_a-__call_atexit.o)
 .text.atexit   0x080046d8        0xc c:/ac6/systemworkbench/plugins/fr.ac6.mcu.externaltools.arm-none.win32_1.13.1.201701261202/tools/compiler/bin/../lib/gcc/arm-none-eabi/5.4.1/../../../../arm-none-eabi/lib/armv7e-m/fpu\libc.a(lib_a-atexit.o)
                0x080046d8                atexit
 .text.quorem   0x080046e4      0x128 c:/ac6/systemworkbench/plugins/fr.ac6.mcu.externaltools.arm-none.win32_1.13.1.201701261202/tools/compiler/bin/../lib/gcc/arm-none-eabi/5.4.1/../../../../arm-none-eabi/lib/armv7e-m/fpu\libc.a(lib_a-dtoa.o)
 *fill*         0x0800480c        0x4 
 .text._dtoa_r  0x08004810      0xe34 c:/ac6/systemworkbench/plugins/fr.ac6.mcu.externaltools.arm-none.win32_1.13.1.201701261202/tools/compiler/bin/../lib/gcc/arm-none-eabi/5.4.1/../../../../arm-none-eabi/lib/armv7e-m/fpu\libc.a(lib_a-dtoa.o)
                0x08004810                _dtoa_r
 .text.__libc_fini_array
                0x08005644       0x28 c:/ac6/systemworkbench/plugins/fr.ac6.mcu.externaltools.arm-none.win32_1.13.1.201701261202/tools/compiler/bin/../lib/gcc/arm-none-eabi/5.4.1/../../../../arm-none-eabi/lib/armv7e-m/fpu\libc.a(lib_a-fini.o)
                0x08005644                __libc_fini_array
 .text._malloc_trim_r
                0x0800566c       0x9c c:/ac6/systemworkbench/plugins/fr.ac6.mcu.externaltools.arm-none.win32_1.13.1.201701261202/tools/compiler/bin/../lib/gcc/arm-none-eabi/5.4.1/../../../../arm-none-eabi/lib/armv7e-m/fpu\libc.a(lib_a-freer.o)
                0x0800566c                _malloc_trim_r
 .text._free_r  0x08005708      0x1d0 c:/ac6/systemworkbench/plugins/fr.ac6.mcu.externaltools.arm-none.win32_1.13.1.201701261202/tools/compiler/bin/../lib/gcc/arm-none-eabi/5.4.1/../../../../arm-none-eabi/lib/armv7e-m/fpu\libc.a(lib_a-freer.o)
                0x08005708                _free_r
 .text._localeconv_r
                0x080058d8       0x1c c:/ac6/systemworkbench/plugins/fr.ac6.mcu.externaltools.arm-none.win32_1.13.1.201701261202/tools/compiler/bin/../lib/gcc/arm-none-eabi/5.4.1/../../../../arm-none-eabi/lib/armv7e-m/fpu\libc.a(lib_a-localeconv.o)
                0x080058d8                _localeconv_r
 .text._Balloc  0x080058f4       0x4c c:/ac6/systemworkbench/plugins/fr.ac6.mcu.externaltools.arm-none.win32_1.13.1.201701261202/tools/compiler/bin/../lib/gcc/arm-none-eabi/5.4.1/../../../../arm-none-eabi/lib/armv7e-m/fpu\libc.a(lib_a-mprec.o)
                0x080058f4                _Balloc
 .text._Bfree   0x08005940       0x14 c:/ac6/systemworkbench/plugins/fr.ac6.mcu.externaltools.arm-none.win32_1.13.1.201701261202/tools/compiler/bin/../lib/gcc/arm-none-eabi/5.4.1/../../../../arm-none-eabi/lib/armv7e-m/fpu\libc.a(lib_a-mprec.o)
                0x08005940                _Bfree
 .text.__multadd
                0x08005954       0x80 c:/ac6/systemworkbench/plugins/fr.ac6.mcu.externaltools.arm-none.win32_1.13.1.201701261202/tools/compiler/bin/../lib/gcc/arm-none-eabi/5.4.1/../../../../arm-none-eabi/lib/armv7e-m/fpu\libc.a(lib_a-mprec.o)
                0x08005954                __multadd
 .text.__hi0bits
                0x080059d4       0x40 c:/ac6/systemworkbench/plugins/fr.ac6.mcu.externaltools.arm-none.win32_1.13.1.201701261202/tools/compiler/bin/../lib/gcc/arm-none-eabi/5.4.1/../../../../arm-none-eabi/lib/armv7e-m/fpu\libc.a(lib_a-mprec.o)
                0x080059d4                __hi0bits
 .text.__lo0bits
                0x08005a14       0x5c c:/ac6/systemworkbench/plugins/fr.ac6.mcu.externaltools.arm-none.win32_1.13.1.201701261202/tools/compiler/bin/../lib/gcc/arm-none-eabi/5.4.1/../../../../arm-none-eabi/lib/armv7e-m/fpu\libc.a(lib_a-mprec.o)
                0x08005a14                __lo0bits
 .text.__i2b    0x08005a70       0x14 c:/ac6/systemworkbench/plugins/fr.ac6.mcu.externaltools.arm-none.win32_1.13.1.201701261202/tools/compiler/bin/../lib/gcc/arm-none-eabi/5.4.1/../../../../arm-none-eabi/lib/armv7e-m/fpu\libc.a(lib_a-mprec.o)
                0x08005a70                __i2b
 .text.__multiply
                0x08005a84      0x130 c:/ac6/systemworkbench/plugins/fr.ac6.mcu.externaltools.arm-none.win32_1.13.1.201701261202/tools/compiler/bin/../lib/gcc/arm-none-eabi/5.4.1/../../../../arm-none-eabi/lib/armv7e-m/fpu\libc.a(lib_a-mprec.o)
                0x08005a84                __multiply
 .text.__pow5mult
                0x08005bb4       0xa0 c:/ac6/systemworkbench/plugins/fr.ac6.mcu.externaltools.arm-none.win32_1.13.1.201701261202/tools/compiler/bin/../lib/gcc/arm-none-eabi/5.4.1/../../../../arm-none-eabi/lib/armv7e-m/fpu\libc.a(lib_a-mprec.o)
                0x08005bb4                __pow5mult
 .text.__lshift
                0x08005c54       0xb0 c:/ac6/systemworkbench/plugins/fr.ac6.mcu.externaltools.arm-none.win32_1.13.1.201701261202/tools/compiler/bin/../lib/gcc/arm-none-eabi/5.4.1/../../../../arm-none-eabi/lib/armv7e-m/fpu\libc.a(lib_a-mprec.o)
                0x08005c54                __lshift
 .text.__mcmp   0x08005d04       0x44 c:/ac6/systemworkbench/plugins/fr.ac6.mcu.externaltools.arm-none.win32_1.13.1.201701261202/tools/compiler/bin/../lib/gcc/arm-none-eabi/5.4.1/../../../../arm-none-eabi/lib/armv7e-m/fpu\libc.a(lib_a-mprec.o)
                0x08005d04                __mcmp
 .text.__mdiff  0x08005d48      0x114 c:/ac6/systemworkbench/plugins/fr.ac6.mcu.externaltools.arm-none.win32_1.13.1.201701261202/tools/compiler/bin/../lib/gcc/arm-none-eabi/5.4.1/../../../../arm-none-eabi/lib/armv7e-m/fpu\libc.a(lib_a-mprec.o)
                0x08005d48                __mdiff
 .text.__d2b    0x08005e5c       0xbc c:/ac6/systemworkbench/plugins/fr.ac6.mcu.externaltools.arm-none.win32_1.13.1.201701261202/tools/compiler/bin/../lib/gcc/arm-none-eabi/5.4.1/../../../../arm-none-eabi/lib/armv7e-m/fpu\libc.a(lib_a-mprec.o)
                0x08005e5c                __d2b
 .text.__ssprint_r
                0x08005f18      0x100 c:/ac6/systemworkbench/plugins/fr.ac6.mcu.externaltools.arm-none.win32_1.13.1.201701261202/tools/compiler/bin/../lib/gcc/arm-none-eabi/5.4.1/../../../../arm-none-eabi/lib/armv7e-m/fpu\libc.a(lib_a-svfiprintf.o)
                0x08005f18                __ssprint_r
 .text.__register_exitproc
                0x08006018       0xa4 c:/ac6/systemworkbench/plugins/fr.ac6.mcu.externaltools.arm-none.win32_1.13.1.201701261202/tools/compiler/bin/../lib/gcc/arm-none-eabi/5.4.1/../../../../arm-none-eabi/lib/armv7e-m/fpu\libc.a(lib_a-__atexit.o)
                0x08006018                __register_exitproc
 .text._calloc_r
                0x080060bc       0x60 c:/ac6/systemworkbench/plugins/fr.ac6.mcu.externaltools.arm-none.win32_1.13.1.201701261202/tools/compiler/bin/../lib/gcc/arm-none-eabi/5.4.1/../../../../arm-none-eabi/lib/armv7e-m/fpu\libc.a(lib_a-callocr.o)
                0x080060bc                _calloc_r
 .text.__ascii_mbtowc
                0x0800611c       0x2c c:/ac6/systemworkbench/plugins/fr.ac6.mcu.externaltools.arm-none.win32_1.13.1.201701261202/tools/compiler/bin/../lib/gcc/arm-none-eabi/5.4.1/../../../../arm-none-eabi/lib/armv7e-m/fpu\libc.a(lib_a-mbtowc_r.o)
                0x0800611c                __ascii_mbtowc
 .text.memmove  0x08006148       0xc8 c:/ac6/systemworkbench/plugins/fr.ac6.mcu.externaltools.arm-none.win32_1.13.1.201701261202/tools/compiler/bin/../lib/gcc/arm-none-eabi/5.4.1/../../../../arm-none-eabi/lib/armv7e-m/fpu\libc.a(lib_a-memmove.o)
                0x08006148                memmove
 .text._realloc_r
                0x08006210      0x3e0 c:/ac6/systemworkbench/plugins/fr.ac6.mcu.externaltools.arm-none.win32_1.13.1.201701261202/tools/compiler/bin/../lib/gcc/arm-none-eabi/5.4.1/../../../../arm-none-eabi/lib/armv7e-m/fpu\libc.a(lib_a-reallocr.o)
                0x08006210                _realloc_r
 .text.__ascii_wctomb
                0x080065f0       0x1c c:/ac6/systemworkbench/plugins/fr.ac6.mcu.externaltools.arm-none.win32_1.13.1.201701261202/tools/compiler/bin/../lib/gcc/arm-none-eabi/5.4.1/../../../../arm-none-eabi/lib/armv7e-m/fpu\libc.a(lib_a-wctomb_r.o)
                0x080065f0                __ascii_wctomb
 *(.glue_7)
 .glue_7        0x0800660c        0x0 linker stubs
 *(.glue_7t)
 .glue_7t       0x0800660c        0x0 linker stubs
 *(.eh_frame)
 .eh_frame      0x0800660c        0x0 c:/ac6/systemworkbench/plugins/fr.ac6.mcu.externaltools.arm-none.win32_1.13.1.201701261202/tools/compiler/bin/../lib/gcc/arm-none-eabi/5.4.1/armv7e-m/fpu/crtbegin.o
 *(.init)
 .init          0x0800660c        0x4 c:/ac6/systemworkbench/plugins/fr.ac6.mcu.externaltools.arm-none.win32_1.13.1.201701261202/tools/compiler/bin/../lib/gcc/arm-none-eabi/5.4.1/armv7e-m/fpu/crti.o
                0x0800660c                _init
 .init          0x08006610        0x8 c:/ac6/systemworkbench/plugins/fr.ac6.mcu.externaltools.arm-none.win32_1.13.1.201701261202/tools/compiler/bin/../lib/gcc/arm-none-eabi/5.4.1/armv7e-m/fpu/crtn.o
 *(.fini)
 .fini          0x08006618        0x4 c:/ac6/systemworkbench/plugins/fr.ac6.mcu.externaltools.arm-none.win32_1.13.1.201701261202/tools/compiler/bin/../lib/gcc/arm-none-eabi/5.4.1/armv7e-m/fpu/crti.o
                0x08006618                _fini
 .fini          0x0800661c        0x8 c:/ac6/systemworkbench/plugins/fr.ac6.mcu.externaltools.arm-none.win32_1.13.1.201701261202/tools/compiler/bin/../lib/gcc/arm-none-eabi/5.4.1/armv7e-m/fpu/crtn.o
                0x08006624                . = ALIGN (0x4)
                0x08006624                _etext = .

.vfp11_veneer   0x08006624        0x0
 .vfp11_veneer  0x08006624        0x0 linker stubs

.v4_bx          0x08006624        0x0
 .v4_bx         0x08006624        0x0 linker stubs

.iplt           0x08006624        0x0
 .iplt          0x08006624        0x0 c:/ac6/systemworkbench/plugins/fr.ac6.mcu.externaltools.arm-none.win32_1.13.1.201701261202/tools/compiler/bin/../lib/gcc/arm-none-eabi/5.4.1/armv7e-m/fpu/crtbegin.o

.rodata         0x08006628      0x310
                0x08006628                . = ALIGN (0x4)
 *(.rodata)
 .rodata        0x08006628       0x88 src/main.o
 *(.rodata*)
 .rodata._global_impure_ptr
                0x080066b0        0x4 c:/ac6/systemworkbench/plugins/fr.ac6.mcu.externaltools.arm-none.win32_1.13.1.201701261202/tools/compiler/bin/../lib/gcc/arm-none-eabi/5.4.1/../../../../arm-none-eabi/lib/armv7e-m/fpu\libc.a(lib_a-impure.o)
                0x080066b0                _global_impure_ptr
 .rodata.zeroes.7258
                0x080066b4       0x10 c:/ac6/systemworkbench/plugins/fr.ac6.mcu.externaltools.arm-none.win32_1.13.1.201701261202/tools/compiler/bin/../lib/gcc/arm-none-eabi/5.4.1/../../../../arm-none-eabi/lib/armv7e-m/fpu\libc.a(lib_a-svfprintf.o)
 .rodata.str1.4
                0x080066c4       0x42 c:/ac6/systemworkbench/plugins/fr.ac6.mcu.externaltools.arm-none.win32_1.13.1.201701261202/tools/compiler/bin/../lib/gcc/arm-none-eabi/5.4.1/../../../../arm-none-eabi/lib/armv7e-m/fpu\libc.a(lib_a-svfprintf.o)
 *fill*         0x08006706        0x2 
 .rodata.blanks.7257
                0x08006708       0x10 c:/ac6/systemworkbench/plugins/fr.ac6.mcu.externaltools.arm-none.win32_1.13.1.201701261202/tools/compiler/bin/../lib/gcc/arm-none-eabi/5.4.1/../../../../arm-none-eabi/lib/armv7e-m/fpu\libc.a(lib_a-svfprintf.o)
 .rodata.str1.4
                0x08006718       0x10 c:/ac6/systemworkbench/plugins/fr.ac6.mcu.externaltools.arm-none.win32_1.13.1.201701261202/tools/compiler/bin/../lib/gcc/arm-none-eabi/5.4.1/../../../../arm-none-eabi/lib/armv7e-m/fpu\libc.a(lib_a-dtoa.o)
                                 0x12 (size before relaxing)
 .rodata.__mprec_tens
                0x08006728       0xc8 c:/ac6/systemworkbench/plugins/fr.ac6.mcu.externaltools.arm-none.win32_1.13.1.201701261202/tools/compiler/bin/../lib/gcc/arm-none-eabi/5.4.1/../../../../arm-none-eabi/lib/armv7e-m/fpu\libc.a(lib_a-mprec.o)
                0x08006728                __mprec_tens
 .rodata.__mprec_bigtens
                0x080067f0       0x28 c:/ac6/systemworkbench/plugins/fr.ac6.mcu.externaltools.arm-none.win32_1.13.1.201701261202/tools/compiler/bin/../lib/gcc/arm-none-eabi/5.4.1/../../../../arm-none-eabi/lib/armv7e-m/fpu\libc.a(lib_a-mprec.o)
                0x080067f0                __mprec_bigtens
 .rodata.p05.6087
                0x08006818        0xc c:/ac6/systemworkbench/plugins/fr.ac6.mcu.externaltools.arm-none.win32_1.13.1.201701261202/tools/compiler/bin/../lib/gcc/arm-none-eabi/5.4.1/../../../../arm-none-eabi/lib/armv7e-m/fpu\libc.a(lib_a-mprec.o)
 .rodata.str1.4
                0x08006824       0x10 c:/ac6/systemworkbench/plugins/fr.ac6.mcu.externaltools.arm-none.win32_1.13.1.201701261202/tools/compiler/bin/../lib/gcc/arm-none-eabi/5.4.1/../../../../arm-none-eabi/lib/armv7e-m/fpu\libc.a(lib_a-locale.o)
                                 0x12 (size before relaxing)
 .rodata._ctype_
                0x08006834      0x101 c:/ac6/systemworkbench/plugins/fr.ac6.mcu.externaltools.arm-none.win32_1.13.1.201701261202/tools/compiler/bin/../lib/gcc/arm-none-eabi/5.4.1/../../../../arm-none-eabi/lib/armv7e-m/fpu\libc.a(lib_a-ctype_.o)
                0x08006834                _ctype_
                0x08006938                . = ALIGN (0x4)
 *fill*         0x08006935        0x3 

.ARM.extab      0x08006938        0x0
                0x08006938                . = ALIGN (0x4)
 *(.ARM.extab* .gnu.linkonce.armextab.*)
                0x08006938                . = ALIGN (0x4)

.ARM            0x08006938        0x8
                0x08006938                . = ALIGN (0x4)
                0x08006938                __exidx_start = .
 *(.ARM.exidx*)
 .ARM.exidx     0x08006938        0x8 c:/ac6/systemworkbench/plugins/fr.ac6.mcu.externaltools.arm-none.win32_1.13.1.201701261202/tools/compiler/bin/../lib/gcc/arm-none-eabi/5.4.1/armv7e-m/fpu\libgcc.a(_udivmoddi4.o)
                0x08006940                __exidx_end = .
                0x08006940                . = ALIGN (0x4)

.rel.dyn        0x08006940        0x0
 .rel.iplt      0x08006940        0x0 c:/ac6/systemworkbench/plugins/fr.ac6.mcu.externaltools.arm-none.win32_1.13.1.201701261202/tools/compiler/bin/../lib/gcc/arm-none-eabi/5.4.1/armv7e-m/fpu/crtbegin.o

.preinit_array  0x08006940        0x0
                0x08006940                . = ALIGN (0x4)
                0x08006940                PROVIDE (__preinit_array_start, .)
 *(.preinit_array*)
                0x08006940                PROVIDE (__preinit_array_end, .)
                0x08006940                . = ALIGN (0x4)

.init_array     0x08006940        0x8
                0x08006940                . = ALIGN (0x4)
                0x08006940                PROVIDE (__init_array_start, .)
 *(SORT(.init_array.*))
 .init_array.00000
                0x08006940        0x4 c:/ac6/systemworkbench/plugins/fr.ac6.mcu.externaltools.arm-none.win32_1.13.1.201701261202/tools/compiler/bin/../lib/gcc/arm-none-eabi/5.4.1/../../../../arm-none-eabi/lib/armv7e-m/fpu\libc.a(lib_a-__call_atexit.o)
 *(.init_array*)
 .init_array    0x08006944        0x4 c:/ac6/systemworkbench/plugins/fr.ac6.mcu.externaltools.arm-none.win32_1.13.1.201701261202/tools/compiler/bin/../lib/gcc/arm-none-eabi/5.4.1/armv7e-m/fpu/crtbegin.o
                0x08006948                PROVIDE (__init_array_end, .)
                0x08006948                . = ALIGN (0x4)

.fini_array     0x08006948        0x4
                0x08006948                . = ALIGN (0x4)
                0x08006948                PROVIDE (__fini_array_start, .)
 *(SORT(.fini_array.*))
 *(.fini_array*)
 .fini_array    0x08006948        0x4 c:/ac6/systemworkbench/plugins/fr.ac6.mcu.externaltools.arm-none.win32_1.13.1.201701261202/tools/compiler/bin/../lib/gcc/arm-none-eabi/5.4.1/armv7e-m/fpu/crtbegin.o
                0x0800694c                PROVIDE (__fini_array_end, .)
                0x0800694c                . = ALIGN (0x4)
                0x0800694c                _sidata = LOADADDR (.data)

.data           0x20000000      0x9f0 load address 0x0800694c
                0x20000000                . = ALIGN (0x4)
                0x20000000                _sdata = .
 *(.data)
 .data          0x20000000       0x14 src/system_stm32f4xx.o
                0x20000000                SystemCoreClock
                0x20000004                AHBPrescTable
 .data          0x20000014       0x30 src/tm_stm32f4_usart.o
                0x20000014                TM_USART1
                0x20000024                TM_USART2
                0x20000034                TM_USART6
 *(.data*)
 *fill*         0x20000044        0x4 
 .data.impure_data
                0x20000048      0x428 c:/ac6/systemworkbench/plugins/fr.ac6.mcu.externaltools.arm-none.win32_1.13.1.201701261202/tools/compiler/bin/../lib/gcc/arm-none-eabi/5.4.1/../../../../arm-none-eabi/lib/armv7e-m/fpu\libc.a(lib_a-impure.o)
 .data._impure_ptr
                0x20000470        0x4 c:/ac6/systemworkbench/plugins/fr.ac6.mcu.externaltools.arm-none.win32_1.13.1.201701261202/tools/compiler/bin/../lib/gcc/arm-none-eabi/5.4.1/../../../../arm-none-eabi/lib/armv7e-m/fpu\libc.a(lib_a-impure.o)
                0x20000470                _impure_ptr
 .data.__malloc_av_
                0x20000474      0x408 c:/ac6/systemworkbench/plugins/fr.ac6.mcu.externaltools.arm-none.win32_1.13.1.201701261202/tools/compiler/bin/../lib/gcc/arm-none-eabi/5.4.1/../../../../arm-none-eabi/lib/armv7e-m/fpu\libc.a(lib_a-mallocr.o)
                0x20000474                __malloc_av_
 .data.__malloc_trim_threshold
                0x2000087c        0x4 c:/ac6/systemworkbench/plugins/fr.ac6.mcu.externaltools.arm-none.win32_1.13.1.201701261202/tools/compiler/bin/../lib/gcc/arm-none-eabi/5.4.1/../../../../arm-none-eabi/lib/armv7e-m/fpu\libc.a(lib_a-mallocr.o)
                0x2000087c                __malloc_trim_threshold
 .data.__malloc_sbrk_base
                0x20000880        0x4 c:/ac6/systemworkbench/plugins/fr.ac6.mcu.externaltools.arm-none.win32_1.13.1.201701261202/tools/compiler/bin/../lib/gcc/arm-none-eabi/5.4.1/../../../../arm-none-eabi/lib/armv7e-m/fpu\libc.a(lib_a-mallocr.o)
                0x20000880                __malloc_sbrk_base
 .data.__global_locale
                0x20000884      0x16c c:/ac6/systemworkbench/plugins/fr.ac6.mcu.externaltools.arm-none.win32_1.13.1.201701261202/tools/compiler/bin/../lib/gcc/arm-none-eabi/5.4.1/../../../../arm-none-eabi/lib/armv7e-m/fpu\libc.a(lib_a-locale.o)
                0x20000884                __global_locale
                0x200009f0                . = ALIGN (0x4)
                0x200009f0                _edata = .

.jcr            0x200009f0        0x0 load address 0x0800733c
 .jcr           0x200009f0        0x0 c:/ac6/systemworkbench/plugins/fr.ac6.mcu.externaltools.arm-none.win32_1.13.1.201701261202/tools/compiler/bin/../lib/gcc/arm-none-eabi/5.4.1/armv7e-m/fpu/crtbegin.o

.igot.plt       0x200009f0        0x0 load address 0x0800733c
 .igot.plt      0x200009f0        0x0 c:/ac6/systemworkbench/plugins/fr.ac6.mcu.externaltools.arm-none.win32_1.13.1.201701261202/tools/compiler/bin/../lib/gcc/arm-none-eabi/5.4.1/armv7e-m/fpu/crtbegin.o
                0x200009f0                . = ALIGN (0x4)

.bss            0x200009f0       0xfc load address 0x0800733c
                0x200009f0                _sbss = .
                0x200009f0                __bss_start__ = _sbss
 *(.bss)
 .bss           0x200009f0       0x1c c:/ac6/systemworkbench/plugins/fr.ac6.mcu.externaltools.arm-none.win32_1.13.1.201701261202/tools/compiler/bin/../lib/gcc/arm-none-eabi/5.4.1/armv7e-m/fpu/crtbegin.o
 .bss           0x20000a0c       0x28 src/tm_stm32f4_delay.o
                0x20000a0c                TM_TimingDelay
                0x20000a10                TM_Time
                0x20000a14                TM_Time2
                0x20000a18                TM_DELAY_Initialized
 .bss           0x20000a34       0x16 src/tm_stm32f4_gpio.o
 *fill*         0x20000a4a        0x2 
 .bss           0x20000a4c        0x4 startup/sysmem.o
 *(.bss*)
 .bss.__malloc_max_total_mem
                0x20000a50        0x4 c:/ac6/systemworkbench/plugins/fr.ac6.mcu.externaltools.arm-none.win32_1.13.1.201701261202/tools/compiler/bin/../lib/gcc/arm-none-eabi/5.4.1/../../../../arm-none-eabi/lib/armv7e-m/fpu\libc.a(lib_a-mallocr.o)
                0x20000a50                __malloc_max_total_mem
 .bss.__malloc_max_sbrked_mem
                0x20000a54        0x4 c:/ac6/systemworkbench/plugins/fr.ac6.mcu.externaltools.arm-none.win32_1.13.1.201701261202/tools/compiler/bin/../lib/gcc/arm-none-eabi/5.4.1/../../../../arm-none-eabi/lib/armv7e-m/fpu\libc.a(lib_a-mallocr.o)
                0x20000a54                __malloc_max_sbrked_mem
 .bss.__malloc_top_pad
                0x20000a58        0x4 c:/ac6/systemworkbench/plugins/fr.ac6.mcu.externaltools.arm-none.win32_1.13.1.201701261202/tools/compiler/bin/../lib/gcc/arm-none-eabi/5.4.1/../../../../arm-none-eabi/lib/armv7e-m/fpu\libc.a(lib_a-mallocr.o)
                0x20000a58                __malloc_top_pad
 .bss.__malloc_current_mallinfo
                0x20000a5c       0x28 c:/ac6/systemworkbench/plugins/fr.ac6.mcu.externaltools.arm-none.win32_1.13.1.201701261202/tools/compiler/bin/../lib/gcc/arm-none-eabi/5.4.1/../../../../arm-none-eabi/lib/armv7e-m/fpu\libc.a(lib_a-mallocr.o)
                0x20000a5c                __malloc_current_mallinfo
 *(COMMON)
 COMMON         0x20000a84        0x4 src/tm_stm32f4_delay.o
                0x20000a84                mult
 COMMON         0x20000a88       0x60 src/tm_stm32f4_usart.o
                0x20000a88                TM_USART6_Buffer
                0x20000aa8                TM_USART2_Buffer
                0x20000ac8                TM_USART1_Buffer
 COMMON         0x20000ae8        0x4 c:/ac6/systemworkbench/plugins/fr.ac6.mcu.externaltools.arm-none.win32_1.13.1.201701261202/tools/compiler/bin/../lib/gcc/arm-none-eabi/5.4.1/../../../../arm-none-eabi/lib/armv7e-m/fpu\libc.a(lib_a-reent.o)
                0x20000ae8                errno
                0x20000aec                . = ALIGN (0x4)
                0x20000aec                _ebss = .
                0x20000aec                __bss_end__ = _ebss

._user_heap_stack
                0x20000aec      0x404 load address 0x0800733c
                0x20000af0                . = ALIGN (0x8)
 *fill*         0x20000aec        0x4 
                0x20000af0                PROVIDE (end, .)
                [!provide]                PROVIDE (_end, .)
                0x20000af0                . = (. + _Min_Heap_Size)
                0x20000ef0                . = (. + _Min_Stack_Size)
 *fill*         0x20000af0      0x400 
                0x20000ef0                . = ALIGN (0x8)

/DISCARD/
 libc.a(*)
 libm.a(*)
 libgcc.a(*)

.ARM.attributes
                0x00000000       0x30
 *(.ARM.attributes)
 .ARM.attributes
                0x00000000       0x22 c:/ac6/systemworkbench/plugins/fr.ac6.mcu.externaltools.arm-none.win32_1.13.1.201701261202/tools/compiler/bin/../lib/gcc/arm-none-eabi/5.4.1/armv7e-m/fpu/crti.o
 .ARM.attributes
                0x00000022       0x34 c:/ac6/systemworkbench/plugins/fr.ac6.mcu.externaltools.arm-none.win32_1.13.1.201701261202/tools/compiler/bin/../lib/gcc/arm-none-eabi/5.4.1/armv7e-m/fpu/crtbegin.o
 .ARM.attributes
                0x00000056       0x39 src/main.o
 .ARM.attributes
                0x0000008f       0x39 src/system_stm32f4xx.o
 .ARM.attributes
                0x000000c8       0x39 src/tm_stm32f4_delay.o
 .ARM.attributes
                0x00000101       0x39 src/tm_stm32f4_ds18b20.o
 .ARM.attributes
                0x0000013a       0x39 src/tm_stm32f4_gpio.o
 .ARM.attributes
                0x00000173       0x39 src/tm_stm32f4_onewire.o
 .ARM.attributes
                0x000001ac       0x39 src/tm_stm32f4_usart.o
 .ARM.attributes
                0x000001e5       0x25 startup/startup_stm32.o
 .ARM.attributes
                0x0000020a       0x39 startup/sysmem.o
 .ARM.attributes
                0x00000243       0x22 c:/ac6/systemworkbench/plugins/fr.ac6.mcu.externaltools.arm-none.win32_1.13.1.201701261202/tools/compiler/bin/../lib/gcc/arm-none-eabi/5.4.1/armv7e-m/fpu\libgcc.a(_arm_addsubdf3.o)
 .ARM.attributes
                0x00000265       0x34 c:/ac6/systemworkbench/plugins/fr.ac6.mcu.externaltools.arm-none.win32_1.13.1.201701261202/tools/compiler/bin/../lib/gcc/arm-none-eabi/5.4.1/../../../../arm-none-eabi/lib/armv7e-m/fpu\libc.a(lib_a-errno.o)
 .ARM.attributes
                0x00000299       0x34 c:/ac6/systemworkbench/plugins/fr.ac6.mcu.externaltools.arm-none.win32_1.13.1.201701261202/tools/compiler/bin/../lib/gcc/arm-none-eabi/5.4.1/../../../../arm-none-eabi/lib/armv7e-m/fpu\libc.a(lib_a-impure.o)
 .ARM.attributes
                0x000002cd       0x34 c:/ac6/systemworkbench/plugins/fr.ac6.mcu.externaltools.arm-none.win32_1.13.1.201701261202/tools/compiler/bin/../lib/gcc/arm-none-eabi/5.4.1/../../../../arm-none-eabi/lib/armv7e-m/fpu\libc.a(lib_a-init.o)
 .ARM.attributes
                0x00000301       0x34 c:/ac6/systemworkbench/plugins/fr.ac6.mcu.externaltools.arm-none.win32_1.13.1.201701261202/tools/compiler/bin/../lib/gcc/arm-none-eabi/5.4.1/../../../../arm-none-eabi/lib/armv7e-m/fpu\libc.a(lib_a-malloc.o)
 .ARM.attributes
                0x00000335       0x34 c:/ac6/systemworkbench/plugins/fr.ac6.mcu.externaltools.arm-none.win32_1.13.1.201701261202/tools/compiler/bin/../lib/gcc/arm-none-eabi/5.4.1/../../../../arm-none-eabi/lib/armv7e-m/fpu\libc.a(lib_a-mallocr.o)
 .ARM.attributes
                0x00000369       0x34 c:/ac6/systemworkbench/plugins/fr.ac6.mcu.externaltools.arm-none.win32_1.13.1.201701261202/tools/compiler/bin/../lib/gcc/arm-none-eabi/5.4.1/../../../../arm-none-eabi/lib/armv7e-m/fpu\libc.a(lib_a-memset.o)
 .ARM.attributes
                0x0000039d       0x34 c:/ac6/systemworkbench/plugins/fr.ac6.mcu.externaltools.arm-none.win32_1.13.1.201701261202/tools/compiler/bin/../lib/gcc/arm-none-eabi/5.4.1/../../../../arm-none-eabi/lib/armv7e-m/fpu\libc.a(lib_a-mlock.o)
 .ARM.attributes
                0x000003d1       0x34 c:/ac6/systemworkbench/plugins/fr.ac6.mcu.externaltools.arm-none.win32_1.13.1.201701261202/tools/compiler/bin/../lib/gcc/arm-none-eabi/5.4.1/../../../../arm-none-eabi/lib/armv7e-m/fpu\libc.a(lib_a-sbrkr.o)
 .ARM.attributes
                0x00000405       0x34 c:/ac6/systemworkbench/plugins/fr.ac6.mcu.externaltools.arm-none.win32_1.13.1.201701261202/tools/compiler/bin/../lib/gcc/arm-none-eabi/5.4.1/../../../../arm-none-eabi/lib/armv7e-m/fpu\libc.a(lib_a-sprintf.o)
 .ARM.attributes
                0x00000439       0x34 c:/ac6/systemworkbench/plugins/fr.ac6.mcu.externaltools.arm-none.win32_1.13.1.201701261202/tools/compiler/bin/../lib/gcc/arm-none-eabi/5.4.1/../../../../arm-none-eabi/lib/armv7e-m/fpu\libc.a(lib_a-svfprintf.o)
 .ARM.attributes
                0x0000046d       0x34 c:/ac6/systemworkbench/plugins/fr.ac6.mcu.externaltools.arm-none.win32_1.13.1.201701261202/tools/compiler/bin/../lib/gcc/arm-none-eabi/5.4.1/../../../../arm-none-eabi/lib/armv7e-m/fpu\libc.a(lib_a-__call_atexit.o)
 .ARM.attributes
                0x000004a1       0x34 c:/ac6/systemworkbench/plugins/fr.ac6.mcu.externaltools.arm-none.win32_1.13.1.201701261202/tools/compiler/bin/../lib/gcc/arm-none-eabi/5.4.1/../../../../arm-none-eabi/lib/armv7e-m/fpu\libc.a(lib_a-atexit.o)
 .ARM.attributes
                0x000004d5       0x34 c:/ac6/systemworkbench/plugins/fr.ac6.mcu.externaltools.arm-none.win32_1.13.1.201701261202/tools/compiler/bin/../lib/gcc/arm-none-eabi/5.4.1/../../../../arm-none-eabi/lib/armv7e-m/fpu\libc.a(lib_a-dtoa.o)
 .ARM.attributes
                0x00000509       0x34 c:/ac6/systemworkbench/plugins/fr.ac6.mcu.externaltools.arm-none.win32_1.13.1.201701261202/tools/compiler/bin/../lib/gcc/arm-none-eabi/5.4.1/../../../../arm-none-eabi/lib/armv7e-m/fpu\libc.a(lib_a-fini.o)
 .ARM.attributes
                0x0000053d       0x34 c:/ac6/systemworkbench/plugins/fr.ac6.mcu.externaltools.arm-none.win32_1.13.1.201701261202/tools/compiler/bin/../lib/gcc/arm-none-eabi/5.4.1/../../../../arm-none-eabi/lib/armv7e-m/fpu\libc.a(lib_a-freer.o)
 .ARM.attributes
                0x00000571       0x34 c:/ac6/systemworkbench/plugins/fr.ac6.mcu.externaltools.arm-none.win32_1.13.1.201701261202/tools/compiler/bin/../lib/gcc/arm-none-eabi/5.4.1/../../../../arm-none-eabi/lib/armv7e-m/fpu\libc.a(lib_a-localeconv.o)
 .ARM.attributes
                0x000005a5       0x20 c:/ac6/systemworkbench/plugins/fr.ac6.mcu.externaltools.arm-none.win32_1.13.1.201701261202/tools/compiler/bin/../lib/gcc/arm-none-eabi/5.4.1/../../../../arm-none-eabi/lib/armv7e-m/fpu\libc.a(lib_a-memchr.o)
 .ARM.attributes
                0x000005c5       0x20 c:/ac6/systemworkbench/plugins/fr.ac6.mcu.externaltools.arm-none.win32_1.13.1.201701261202/tools/compiler/bin/../lib/gcc/arm-none-eabi/5.4.1/../../../../arm-none-eabi/lib/armv7e-m/fpu\libc.a(lib_a-memcpy.o)
 .ARM.attributes
                0x000005e5       0x34 c:/ac6/systemworkbench/plugins/fr.ac6.mcu.externaltools.arm-none.win32_1.13.1.201701261202/tools/compiler/bin/../lib/gcc/arm-none-eabi/5.4.1/../../../../arm-none-eabi/lib/armv7e-m/fpu\libc.a(lib_a-mprec.o)
 .ARM.attributes
                0x00000619       0x34 c:/ac6/systemworkbench/plugins/fr.ac6.mcu.externaltools.arm-none.win32_1.13.1.201701261202/tools/compiler/bin/../lib/gcc/arm-none-eabi/5.4.1/../../../../arm-none-eabi/lib/armv7e-m/fpu\libc.a(lib_a-reent.o)
 .ARM.attributes
                0x0000064d       0x20 c:/ac6/systemworkbench/plugins/fr.ac6.mcu.externaltools.arm-none.win32_1.13.1.201701261202/tools/compiler/bin/../lib/gcc/arm-none-eabi/5.4.1/../../../../arm-none-eabi/lib/armv7e-m/fpu\libc.a(lib_a-strlen.o)
 .ARM.attributes
                0x0000066d       0x34 c:/ac6/systemworkbench/plugins/fr.ac6.mcu.externaltools.arm-none.win32_1.13.1.201701261202/tools/compiler/bin/../lib/gcc/arm-none-eabi/5.4.1/../../../../arm-none-eabi/lib/armv7e-m/fpu\libc.a(lib_a-svfiprintf.o)
 .ARM.attributes
                0x000006a1       0x34 c:/ac6/systemworkbench/plugins/fr.ac6.mcu.externaltools.arm-none.win32_1.13.1.201701261202/tools/compiler/bin/../lib/gcc/arm-none-eabi/5.4.1/../../../../arm-none-eabi/lib/armv7e-m/fpu\libc.a(lib_a-__atexit.o)
 .ARM.attributes
                0x000006d5       0x34 c:/ac6/systemworkbench/plugins/fr.ac6.mcu.externaltools.arm-none.win32_1.13.1.201701261202/tools/compiler/bin/../lib/gcc/arm-none-eabi/5.4.1/../../../../arm-none-eabi/lib/armv7e-m/fpu\libc.a(lib_a-callocr.o)
 .ARM.attributes
                0x00000709       0x34 c:/ac6/systemworkbench/plugins/fr.ac6.mcu.externaltools.arm-none.win32_1.13.1.201701261202/tools/compiler/bin/../lib/gcc/arm-none-eabi/5.4.1/../../../../arm-none-eabi/lib/armv7e-m/fpu\libc.a(lib_a-locale.o)
 .ARM.attributes
                0x0000073d       0x34 c:/ac6/systemworkbench/plugins/fr.ac6.mcu.externaltools.arm-none.win32_1.13.1.201701261202/tools/compiler/bin/../lib/gcc/arm-none-eabi/5.4.1/../../../../arm-none-eabi/lib/armv7e-m/fpu\libc.a(lib_a-mbtowc_r.o)
 .ARM.attributes
                0x00000771       0x34 c:/ac6/systemworkbench/plugins/fr.ac6.mcu.externaltools.arm-none.win32_1.13.1.201701261202/tools/compiler/bin/../lib/gcc/arm-none-eabi/5.4.1/../../../../arm-none-eabi/lib/armv7e-m/fpu\libc.a(lib_a-memmove.o)
 .ARM.attributes
                0x000007a5       0x34 c:/ac6/systemworkbench/plugins/fr.ac6.mcu.externaltools.arm-none.win32_1.13.1.201701261202/tools/compiler/bin/../lib/gcc/arm-none-eabi/5.4.1/../../../../arm-none-eabi/lib/armv7e-m/fpu\libc.a(lib_a-reallocr.o)
 .ARM.attributes
                0x000007d9       0x34 c:/ac6/systemworkbench/plugins/fr.ac6.mcu.externaltools.arm-none.win32_1.13.1.201701261202/tools/compiler/bin/../lib/gcc/arm-none-eabi/5.4.1/../../../../arm-none-eabi/lib/armv7e-m/fpu\libc.a(lib_a-wctomb_r.o)
 .ARM.attributes
                0x0000080d       0x34 c:/ac6/systemworkbench/plugins/fr.ac6.mcu.externaltools.arm-none.win32_1.13.1.201701261202/tools/compiler/bin/../lib/gcc/arm-none-eabi/5.4.1/../../../../arm-none-eabi/lib/armv7e-m/fpu\libc.a(lib_a-ctype_.o)
 .ARM.attributes
                0x00000841       0x22 c:/ac6/systemworkbench/plugins/fr.ac6.mcu.externaltools.arm-none.win32_1.13.1.201701261202/tools/compiler/bin/../lib/gcc/arm-none-eabi/5.4.1/armv7e-m/fpu\libgcc.a(_arm_muldivdf3.o)
 .ARM.attributes
                0x00000863       0x22 c:/ac6/systemworkbench/plugins/fr.ac6.mcu.externaltools.arm-none.win32_1.13.1.201701261202/tools/compiler/bin/../lib/gcc/arm-none-eabi/5.4.1/armv7e-m/fpu\libgcc.a(_arm_cmpdf2.o)
 .ARM.attributes
                0x00000885       0x22 c:/ac6/systemworkbench/plugins/fr.ac6.mcu.externaltools.arm-none.win32_1.13.1.201701261202/tools/compiler/bin/../lib/gcc/arm-none-eabi/5.4.1/armv7e-m/fpu\libgcc.a(_arm_unorddf2.o)
 .ARM.attributes
                0x000008a7       0x22 c:/ac6/systemworkbench/plugins/fr.ac6.mcu.externaltools.arm-none.win32_1.13.1.201701261202/tools/compiler/bin/../lib/gcc/arm-none-eabi/5.4.1/armv7e-m/fpu\libgcc.a(_arm_fixdfsi.o)
 .ARM.attributes
                0x000008c9       0x22 c:/ac6/systemworkbench/plugins/fr.ac6.mcu.externaltools.arm-none.win32_1.13.1.201701261202/tools/compiler/bin/../lib/gcc/arm-none-eabi/5.4.1/armv7e-m/fpu\libgcc.a(_aeabi_uldivmod.o)
 .ARM.attributes
                0x000008eb       0x34 c:/ac6/systemworkbench/plugins/fr.ac6.mcu.externaltools.arm-none.win32_1.13.1.201701261202/tools/compiler/bin/../lib/gcc/arm-none-eabi/5.4.1/armv7e-m/fpu\libgcc.a(_udivmoddi4.o)
 .ARM.attributes
                0x0000091f       0x22 c:/ac6/systemworkbench/plugins/fr.ac6.mcu.externaltools.arm-none.win32_1.13.1.201701261202/tools/compiler/bin/../lib/gcc/arm-none-eabi/5.4.1/armv7e-m/fpu\libgcc.a(_dvmd_tls.o)
 .ARM.attributes
                0x00000941       0x22 c:/ac6/systemworkbench/plugins/fr.ac6.mcu.externaltools.arm-none.win32_1.13.1.201701261202/tools/compiler/bin/../lib/gcc/arm-none-eabi/5.4.1/armv7e-m/fpu/crtn.o
OUTPUT(NewTempSen.elf elf32-littlearm)

.debug_info     0x00000000     0x39fb
 .debug_info    0x00000000      0x4f4 src/main.o
 .debug_info    0x000004f4      0x5be src/system_stm32f4xx.o
 .debug_info    0x00000ab2      0x997 src/tm_stm32f4_delay.o
 .debug_info    0x00001449      0x622 src/tm_stm32f4_ds18b20.o
 .debug_info    0x00001a6b      0x879 src/tm_stm32f4_gpio.o
 .debug_info    0x000022e4      0x7da src/tm_stm32f4_onewire.o
 .debug_info    0x00002abe      0xdcd src/tm_stm32f4_usart.o
 .debug_info    0x0000388b       0x68 startup/startup_stm32.o
 .debug_info    0x000038f3      0x108 startup/sysmem.o

.debug_abbrev   0x00000000      0xdff
 .debug_abbrev  0x00000000      0x1a2 src/main.o
 .debug_abbrev  0x000001a2      0x11a src/system_stm32f4xx.o
 .debug_abbrev  0x000002bc      0x2d4 src/tm_stm32f4_delay.o
 .debug_abbrev  0x00000590      0x1d0 src/tm_stm32f4_ds18b20.o
 .debug_abbrev  0x00000760      0x156 src/tm_stm32f4_gpio.o
 .debug_abbrev  0x000008b6      0x236 src/tm_stm32f4_onewire.o
 .debug_abbrev  0x00000aec      0x260 src/tm_stm32f4_usart.o
 .debug_abbrev  0x00000d4c       0x12 startup/startup_stm32.o
 .debug_abbrev  0x00000d5e       0xa1 startup/sysmem.o

.debug_aranges  0x00000000      0x3a0
 .debug_aranges
                0x00000000       0x28 src/main.o
 .debug_aranges
                0x00000028       0x30 src/system_stm32f4xx.o
 .debug_aranges
                0x00000058       0x80 src/tm_stm32f4_delay.o
 .debug_aranges
                0x000000d8       0x70 src/tm_stm32f4_ds18b20.o
 .debug_aranges
                0x00000148       0x98 src/tm_stm32f4_gpio.o
 .debug_aranges
                0x000001e0       0xb0 src/tm_stm32f4_onewire.o
 .debug_aranges
                0x00000290       0xc8 src/tm_stm32f4_usart.o
 .debug_aranges
                0x00000358       0x28 startup/startup_stm32.o
 .debug_aranges
                0x00000380       0x20 startup/sysmem.o

.debug_ranges   0x00000000      0x318
 .debug_ranges  0x00000000       0x18 src/main.o
 .debug_ranges  0x00000018       0x20 src/system_stm32f4xx.o
 .debug_ranges  0x00000038       0x70 src/tm_stm32f4_delay.o
 .debug_ranges  0x000000a8       0x60 src/tm_stm32f4_ds18b20.o
 .debug_ranges  0x00000108       0x88 src/tm_stm32f4_gpio.o
 .debug_ranges  0x00000190       0xa0 src/tm_stm32f4_onewire.o
 .debug_ranges  0x00000230       0xb8 src/tm_stm32f4_usart.o
 .debug_ranges  0x000002e8       0x20 startup/startup_stm32.o
 .debug_ranges  0x00000308       0x10 startup/sysmem.o

.debug_macro    0x00000000     0xc7f0
 .debug_macro   0x00000000      0x2b7 src/main.o
 .debug_macro   0x000002b7      0x8a4 src/main.o
 .debug_macro   0x00000b5b       0x65 src/main.o
 .debug_macro   0x00000bc0       0x3b src/main.o
 .debug_macro   0x00000bfb       0x22 src/main.o
 .debug_macro   0x00000c1d       0x87 src/main.o
 .debug_macro   0x00000ca4       0x44 src/main.o
 .debug_macro   0x00000ce8       0xfd src/main.o
 .debug_macro   0x00000de5       0x5e src/main.o
 .debug_macro   0x00000e43      0x1df src/main.o
 .debug_macro   0x00001022       0x2d src/main.o
 .debug_macro   0x0000104f       0x26 src/main.o
 .debug_macro   0x00001075      0xd39 src/main.o
 .debug_macro   0x00001dae     0x7fd2 src/main.o
 .debug_macro   0x00009d80       0x10 src/main.o
 .debug_macro   0x00009d90      0x628 src/main.o
 .debug_macro   0x0000a3b8       0x16 src/main.o
 .debug_macro   0x0000a3ce       0x52 src/main.o
 .debug_macro   0x0000a420       0x35 src/main.o
 .debug_macro   0x0000a455       0x9c src/main.o
 .debug_macro   0x0000a4f1       0x16 src/main.o
 .debug_macro   0x0000a507      0x10e src/main.o
 .debug_macro   0x0000a615       0x8d src/main.o
 .debug_macro   0x0000a6a2       0x52 src/main.o
 .debug_macro   0x0000a6f4       0x1f src/main.o
 .debug_macro   0x0000a713       0x43 src/main.o
 .debug_macro   0x0000a756       0x20 src/main.o
 .debug_macro   0x0000a776      0x187 src/main.o
 .debug_macro   0x0000a8fd      0x30d src/main.o
 .debug_macro   0x0000ac0a       0x16 src/main.o
 .debug_macro   0x0000ac20       0x29 src/main.o
 .debug_macro   0x0000ac49       0x35 src/main.o
 .debug_macro   0x0000ac7e      0x2ae src/main.o
 .debug_macro   0x0000af2c       0xaf src/main.o
 .debug_macro   0x0000afdb       0x58 src/main.o
 .debug_macro   0x0000b033       0x82 src/main.o
 .debug_macro   0x0000b0b5      0x223 src/main.o
 .debug_macro   0x0000b2d8      0x18c src/main.o
 .debug_macro   0x0000b464       0x1c src/main.o
 .debug_macro   0x0000b480       0x35 src/main.o
 .debug_macro   0x0000b4b5       0x10 src/main.o
 .debug_macro   0x0000b4c5       0x10 src/main.o
 .debug_macro   0x0000b4d5       0x1c src/main.o
 .debug_macro   0x0000b4f1       0x52 src/main.o
 .debug_macro   0x0000b543       0x40 src/main.o
 .debug_macro   0x0000b583       0x10 src/main.o
 .debug_macro   0x0000b593       0x40 src/main.o
 .debug_macro   0x0000b5d3       0xd7 src/main.o
 .debug_macro   0x0000b6aa       0x16 src/main.o
 .debug_macro   0x0000b6c0      0x18b src/main.o
 .debug_macro   0x0000b84b       0x4a src/main.o
 .debug_macro   0x0000b895       0x88 src/main.o
 .debug_macro   0x0000b91d       0xcf src/system_stm32f4xx.o
 .debug_macro   0x0000b9ec      0x19f src/tm_stm32f4_delay.o
 .debug_macro   0x0000bb8b      0x1cc src/tm_stm32f4_ds18b20.o
 .debug_macro   0x0000bd57       0xcc src/tm_stm32f4_gpio.o
 .debug_macro   0x0000be23      0x1bd src/tm_stm32f4_onewire.o
 .debug_macro   0x0000bfe0      0x106 src/tm_stm32f4_usart.o
 .debug_macro   0x0000c0e6       0x7c src/tm_stm32f4_usart.o
 .debug_macro   0x0000c162      0x196 startup/sysmem.o
 .debug_macro   0x0000c2f8       0x10 startup/sysmem.o
 .debug_macro   0x0000c308       0x4c startup/sysmem.o
 .debug_macro   0x0000c354       0x8d startup/sysmem.o
 .debug_macro   0x0000c3e1      0x174 startup/sysmem.o
 .debug_macro   0x0000c555       0x4a startup/sysmem.o
 .debug_macro   0x0000c59f      0x23b startup/sysmem.o
 .debug_macro   0x0000c7da       0x16 startup/sysmem.o

.debug_line     0x00000000     0x2c78
 .debug_line    0x00000000      0x611 src/main.o
 .debug_line    0x00000611      0x3b9 src/system_stm32f4xx.o
 .debug_line    0x000009ca      0x5c3 src/tm_stm32f4_delay.o
 .debug_line    0x00000f8d      0x5fa src/tm_stm32f4_ds18b20.o
 .debug_line    0x00001587      0x54f src/tm_stm32f4_gpio.o
 .debug_line    0x00001ad6      0x70b src/tm_stm32f4_onewire.o
 .debug_line    0x000021e1      0x656 src/tm_stm32f4_usart.o
 .debug_line    0x00002837       0x79 startup/startup_stm32.o
 .debug_line    0x000028b0      0x3c8 startup/sysmem.o

.debug_str      0x00000000    0x4180a
 .debug_str     0x00000000    0x40098 src/main.o
                              0x402c0 (size before relaxing)
 .debug_str     0x00040098      0x201 src/system_stm32f4xx.o
                              0x34fb6 (size before relaxing)
 .debug_str     0x00040299      0x5d4 src/tm_stm32f4_delay.o
                              0x3b65d (size before relaxing)
 .debug_str     0x0004086d      0x185 src/tm_stm32f4_ds18b20.o
                              0x3cce1 (size before relaxing)
 .debug_str     0x000409f2      0x2c0 src/tm_stm32f4_gpio.o
                              0x368aa (size before relaxing)
 .debug_str     0x00040cb2      0x259 src/tm_stm32f4_onewire.o
                              0x3ccfb (size before relaxing)
 .debug_str     0x00040f0b      0x459 src/tm_stm32f4_usart.o
                              0x3c7be (size before relaxing)
 .debug_str     0x00041364      0x4a6 startup/sysmem.o
                               0x69b1 (size before relaxing)

.comment        0x00000000       0x6e
 .comment       0x00000000       0x6e src/main.o
                                 0x6f (size before relaxing)
 .comment       0x0000006e       0x6f src/system_stm32f4xx.o
 .comment       0x0000006e       0x6f src/tm_stm32f4_delay.o
 .comment       0x0000006e       0x6f src/tm_stm32f4_ds18b20.o
 .comment       0x0000006e       0x6f src/tm_stm32f4_gpio.o
 .comment       0x0000006e       0x6f src/tm_stm32f4_onewire.o
 .comment       0x0000006e       0x6f src/tm_stm32f4_usart.o
 .comment       0x0000006e       0x6f startup/sysmem.o

.debug_frame    0x00000000     0x16a0
 .debug_frame   0x00000000       0x5c src/main.o
 .debug_frame   0x0000005c       0x74 src/system_stm32f4xx.o
 .debug_frame   0x000000d0      0x1ec src/tm_stm32f4_delay.o
 .debug_frame   0x000002bc      0x1a4 src/tm_stm32f4_ds18b20.o
 .debug_frame   0x00000460      0x274 src/tm_stm32f4_gpio.o
 .debug_frame   0x000006d4      0x2d8 src/tm_stm32f4_onewire.o
 .debug_frame   0x000009ac      0x328 src/tm_stm32f4_usart.o
 .debug_frame   0x00000cd4       0x34 startup/sysmem.o
 .debug_frame   0x00000d08       0x20 c:/ac6/systemworkbench/plugins/fr.ac6.mcu.externaltools.arm-none.win32_1.13.1.201701261202/tools/compiler/bin/../lib/gcc/arm-none-eabi/5.4.1/../../../../arm-none-eabi/lib/armv7e-m/fpu\libc.a(lib_a-errno.o)
 .debug_frame   0x00000d28       0x2c c:/ac6/systemworkbench/plugins/fr.ac6.mcu.externaltools.arm-none.win32_1.13.1.201701261202/tools/compiler/bin/../lib/gcc/arm-none-eabi/5.4.1/../../../../arm-none-eabi/lib/armv7e-m/fpu\libc.a(lib_a-init.o)
 .debug_frame   0x00000d54       0x30 c:/ac6/systemworkbench/plugins/fr.ac6.mcu.externaltools.arm-none.win32_1.13.1.201701261202/tools/compiler/bin/../lib/gcc/arm-none-eabi/5.4.1/../../../../arm-none-eabi/lib/armv7e-m/fpu\libc.a(lib_a-malloc.o)
 .debug_frame   0x00000d84       0x58 c:/ac6/systemworkbench/plugins/fr.ac6.mcu.externaltools.arm-none.win32_1.13.1.201701261202/tools/compiler/bin/../lib/gcc/arm-none-eabi/5.4.1/../../../../arm-none-eabi/lib/armv7e-m/fpu\libc.a(lib_a-mallocr.o)
 .debug_frame   0x00000ddc       0x34 c:/ac6/systemworkbench/plugins/fr.ac6.mcu.externaltools.arm-none.win32_1.13.1.201701261202/tools/compiler/bin/../lib/gcc/arm-none-eabi/5.4.1/../../../../arm-none-eabi/lib/armv7e-m/fpu\libc.a(lib_a-memset.o)
 .debug_frame   0x00000e10       0x30 c:/ac6/systemworkbench/plugins/fr.ac6.mcu.externaltools.arm-none.win32_1.13.1.201701261202/tools/compiler/bin/../lib/gcc/arm-none-eabi/5.4.1/../../../../arm-none-eabi/lib/armv7e-m/fpu\libc.a(lib_a-mlock.o)
 .debug_frame   0x00000e40       0x2c c:/ac6/systemworkbench/plugins/fr.ac6.mcu.externaltools.arm-none.win32_1.13.1.201701261202/tools/compiler/bin/../lib/gcc/arm-none-eabi/5.4.1/../../../../arm-none-eabi/lib/armv7e-m/fpu\libc.a(lib_a-sbrkr.o)
 .debug_frame   0x00000e6c       0x84 c:/ac6/systemworkbench/plugins/fr.ac6.mcu.externaltools.arm-none.win32_1.13.1.201701261202/tools/compiler/bin/../lib/gcc/arm-none-eabi/5.4.1/../../../../arm-none-eabi/lib/armv7e-m/fpu\libc.a(lib_a-sprintf.o)
 .debug_frame   0x00000ef0       0x44 c:/ac6/systemworkbench/plugins/fr.ac6.mcu.externaltools.arm-none.win32_1.13.1.201701261202/tools/compiler/bin/../lib/gcc/arm-none-eabi/5.4.1/../../../../arm-none-eabi/lib/armv7e-m/fpu\libc.a(lib_a-svfprintf.o)
 .debug_frame   0x00000f34       0x50 c:/ac6/systemworkbench/plugins/fr.ac6.mcu.externaltools.arm-none.win32_1.13.1.201701261202/tools/compiler/bin/../lib/gcc/arm-none-eabi/5.4.1/../../../../arm-none-eabi/lib/armv7e-m/fpu\libc.a(lib_a-__call_atexit.o)
 .debug_frame   0x00000f84       0x20 c:/ac6/systemworkbench/plugins/fr.ac6.mcu.externaltools.arm-none.win32_1.13.1.201701261202/tools/compiler/bin/../lib/gcc/arm-none-eabi/5.4.1/../../../../arm-none-eabi/lib/armv7e-m/fpu\libc.a(lib_a-atexit.o)
 .debug_frame   0x00000fa4       0x88 c:/ac6/systemworkbench/plugins/fr.ac6.mcu.externaltools.arm-none.win32_1.13.1.201701261202/tools/compiler/bin/../lib/gcc/arm-none-eabi/5.4.1/../../../../arm-none-eabi/lib/armv7e-m/fpu\libc.a(lib_a-dtoa.o)
 .debug_frame   0x0000102c       0x34 c:/ac6/systemworkbench/plugins/fr.ac6.mcu.externaltools.arm-none.win32_1.13.1.201701261202/tools/compiler/bin/../lib/gcc/arm-none-eabi/5.4.1/../../../../arm-none-eabi/lib/armv7e-m/fpu\libc.a(lib_a-fini.o)
 .debug_frame   0x00001060       0x74 c:/ac6/systemworkbench/plugins/fr.ac6.mcu.externaltools.arm-none.win32_1.13.1.201701261202/tools/compiler/bin/../lib/gcc/arm-none-eabi/5.4.1/../../../../arm-none-eabi/lib/armv7e-m/fpu\libc.a(lib_a-freer.o)
 .debug_frame   0x000010d4       0x40 c:/ac6/systemworkbench/plugins/fr.ac6.mcu.externaltools.arm-none.win32_1.13.1.201701261202/tools/compiler/bin/../lib/gcc/arm-none-eabi/5.4.1/../../../../arm-none-eabi/lib/armv7e-m/fpu\libc.a(lib_a-localeconv.o)
 .debug_frame   0x00001114      0x264 c:/ac6/systemworkbench/plugins/fr.ac6.mcu.externaltools.arm-none.win32_1.13.1.201701261202/tools/compiler/bin/../lib/gcc/arm-none-eabi/5.4.1/../../../../arm-none-eabi/lib/armv7e-m/fpu\libc.a(lib_a-mprec.o)
 .debug_frame   0x00001378       0x58 c:/ac6/systemworkbench/plugins/fr.ac6.mcu.externaltools.arm-none.win32_1.13.1.201701261202/tools/compiler/bin/../lib/gcc/arm-none-eabi/5.4.1/../../../../arm-none-eabi/lib/armv7e-m/fpu\libc.a(lib_a-reent.o)
 .debug_frame   0x000013d0       0x78 c:/ac6/systemworkbench/plugins/fr.ac6.mcu.externaltools.arm-none.win32_1.13.1.201701261202/tools/compiler/bin/../lib/gcc/arm-none-eabi/5.4.1/../../../../arm-none-eabi/lib/armv7e-m/fpu\libc.a(lib_a-svfiprintf.o)
 .debug_frame   0x00001448       0x34 c:/ac6/systemworkbench/plugins/fr.ac6.mcu.externaltools.arm-none.win32_1.13.1.201701261202/tools/compiler/bin/../lib/gcc/arm-none-eabi/5.4.1/../../../../arm-none-eabi/lib/armv7e-m/fpu\libc.a(lib_a-__atexit.o)
 .debug_frame   0x0000147c       0x28 c:/ac6/systemworkbench/plugins/fr.ac6.mcu.externaltools.arm-none.win32_1.13.1.201701261202/tools/compiler/bin/../lib/gcc/arm-none-eabi/5.4.1/../../../../arm-none-eabi/lib/armv7e-m/fpu\libc.a(lib_a-callocr.o)
 .debug_frame   0x000014a4       0x84 c:/ac6/systemworkbench/plugins/fr.ac6.mcu.externaltools.arm-none.win32_1.13.1.201701261202/tools/compiler/bin/../lib/gcc/arm-none-eabi/5.4.1/../../../../arm-none-eabi/lib/armv7e-m/fpu\libc.a(lib_a-locale.o)
 .debug_frame   0x00001528       0x4c c:/ac6/systemworkbench/plugins/fr.ac6.mcu.externaltools.arm-none.win32_1.13.1.201701261202/tools/compiler/bin/../lib/gcc/arm-none-eabi/5.4.1/../../../../arm-none-eabi/lib/armv7e-m/fpu\libc.a(lib_a-mbtowc_r.o)
 .debug_frame   0x00001574       0x30 c:/ac6/systemworkbench/plugins/fr.ac6.mcu.externaltools.arm-none.win32_1.13.1.201701261202/tools/compiler/bin/../lib/gcc/arm-none-eabi/5.4.1/../../../../arm-none-eabi/lib/armv7e-m/fpu\libc.a(lib_a-memmove.o)
 .debug_frame   0x000015a4       0x60 c:/ac6/systemworkbench/plugins/fr.ac6.mcu.externaltools.arm-none.win32_1.13.1.201701261202/tools/compiler/bin/../lib/gcc/arm-none-eabi/5.4.1/../../../../arm-none-eabi/lib/armv7e-m/fpu\libc.a(lib_a-reallocr.o)
 .debug_frame   0x00001604       0x3c c:/ac6/systemworkbench/plugins/fr.ac6.mcu.externaltools.arm-none.win32_1.13.1.201701261202/tools/compiler/bin/../lib/gcc/arm-none-eabi/5.4.1/../../../../arm-none-eabi/lib/armv7e-m/fpu\libc.a(lib_a-wctomb_r.o)
 .debug_frame   0x00001640       0x2c c:/ac6/systemworkbench/plugins/fr.ac6.mcu.externaltools.arm-none.win32_1.13.1.201701261202/tools/compiler/bin/../lib/gcc/arm-none-eabi/5.4.1/armv7e-m/fpu\libgcc.a(_aeabi_uldivmod.o)
 .debug_frame   0x0000166c       0x34 c:/ac6/systemworkbench/plugins/fr.ac6.mcu.externaltools.arm-none.win32_1.13.1.201701261202/tools/compiler/bin/../lib/gcc/arm-none-eabi/5.4.1/armv7e-m/fpu\libgcc.a(_udivmoddi4.o)
